---
http_interactions:
- request:
    method: get
    uri: https://api.contentful.com/spaces/<CONTENTFUL_SPACE_ID>/environments/<CONTENTFUL_ENVIRONMENT>/content_types/teamMember
    body:
      encoding: US-ASCII
      string: ''
    headers:
      X-Contentful-User-Agent:
      - sdk contentful-management.rb/2.2.0; integration contentful_model/1.0.0; platform
        ruby/2.5.0; os macOS/17;
      Authorization:
      - Bearer <CONTENTFUL_MANAGEMENT_API_KEY>
      Content-Type:
      - application/vnd.contentful.management.v1+json
      Connection:
      - close
      Host:
      - api.contentful.com
      User-Agent:
      - http.rb/2.2.2
  response:
    status:
      code: 200
      message: OK
    headers:
      Access-Control-Allow-Headers:
      - Accept,Accept-Language,Authorization,Cache-Control,Content-Length,Content-Range,Content-Type,DNT,Destination,Expires,If-Match,If-Modified-Since,If-None-Match,Keep-Alive,Last-Modified,Origin,Pragma,Range,User-Agent,X-Http-Method-Override,X-Mx-ReqToken,X-Requested-With,X-Contentful-Version,X-Contentful-Content-Type,X-Contentful-Organization,X-Contentful-Skip-Transformation,X-Contentful-User-Agent,X-Contentful-Enable-Alpha-Feature
      Access-Control-Allow-Methods:
      - DELETE,GET,HEAD,POST,PUT,OPTIONS
      Access-Control-Allow-Origin:
      - "*"
      Access-Control-Expose-Headers:
      - Etag
      Access-Control-Max-Age:
      - '1728000'
      Cf-Space-Id:
      - "<CONTENTFUL_SPACE_ID>"
      Content-Type:
      - application/vnd.contentful.management.v1+json
      Contentful-Api:
      - cma
      Date:
      - Fri, 15 Jun 2018 10:42:42 GMT
      Etag:
      - '"dbc5bd92071261f9517d5fbbee1e3320"'
      Server:
      - Contentful
      Strict-Transport-Security:
      - max-age=15768000
      X-Content-Type-Options:
      - nosniff
      X-Contentful-Ratelimit-Hour-Limit:
      - '36000'
      X-Contentful-Ratelimit-Hour-Remaining:
      - '35591'
      X-Contentful-Ratelimit-Reset:
      - '0'
      X-Contentful-Ratelimit-Second-Limit:
      - '10'
      X-Contentful-Ratelimit-Second-Remaining:
      - '7'
      X-Contentful-Request-Id:
      - 6efa8e90dfce108f33fb5c048b2ff3ee
      Content-Length:
      - '2229'
      Connection:
      - Close
      Set-Cookie:
      - incap_ses_801_673446=4ce9THmooylkrBq0nrkdCyKYI1sAAAAAjya7KbK8m0eyMLJQLR+fbw==;
        path=/; Domain=.contentful.com
      - nlbi_673446=Zq5TPeT/ikYFMuNW6lKYhQAAAACu8eDI0q5JRiI3y+8CuI3A; path=/; Domain=.contentful.com
      - visid_incap_673446=9aYmVj75T2q/hjzrCCDdGSKYI1sAAAAAQUIPAAAAAADRBVuDW2MNkHQTgVEGNxGj;
        expires=Sat, 15 Jun 2019 07:58:04 GMT; path=/; Domain=.contentful.com
      X-Iinfo:
      - 10-8870277-8870279 NNNN CT(0 0 0) RT(1529059361995 25) q(0 0 0 -1) r(1 1)
        U5
      X-Cdn:
      - Incapsula
    body:
      encoding: ASCII-8BIT
      string: |
        {
          "sys": {
            "space": {
              "sys": {
                "type": "Link",
                "linkType": "Space",
                "id": "<CONTENTFUL_SPACE_ID>"
              }
            },
            "id": "teamMember",
            "type": "ContentType",
            "createdAt": "2018-06-08T10:39:34.719Z",
            "updatedAt": "2018-06-08T11:25:58.987Z",
            "environment": {
              "sys": {
                "id": "<CONTENTFUL_ENVIRONMENT>",
                "type": "Link",
                "linkType": "Environment"
              }
            },
            "createdBy": {
              "sys": {
                "type": "Link",
                "linkType": "User",
                "id": "0YPGZGiUm0o1pdmXHCjf2S"
              }
            },
            "updatedBy": {
              "sys": {
                "type": "Link",
                "linkType": "User",
                "id": "0YPGZGiUm0o1pdmXHCjf2S"
              }
            },
            "publishedCounter": 3,
            "version": 6,
            "publishedBy": {
              "sys": {
                "type": "Link",
                "linkType": "User",
                "id": "0YPGZGiUm0o1pdmXHCjf2S"
              }
            },
            "publishedVersion": 5,
            "firstPublishedAt": "2018-06-08T10:39:35.249Z",
            "publishedAt": "2018-06-08T11:25:58.987Z"
          },
          "displayField": "name",
          "name": "Team Member",
          "description": "",
          "fields": [
            {
              "id": "name",
              "name": "Name",
              "type": "Symbol",
              "localized": false,
              "required": false,
              "validations": [],
              "disabled": false,
              "omitted": false
            },
            {
              "id": "slug",
              "name": "Slug",
              "type": "Symbol",
              "localized": false,
              "required": false,
              "validations": [],
              "disabled": true,
              "omitted": false
            },
            {
              "id": "role",
              "name": "Role",
              "type": "Symbol",
              "localized": false,
              "required": false,
              "validations": [],
              "disabled": false,
              "omitted": false
            },
            {
              "id": "photo",
              "name": "Photo",
              "type": "Link",
              "localized": false,
              "required": false,
              "validations": [
                {
                  "linkMimetypeGroup": [
                    "image"
                  ]
                }
              ],
              "disabled": false,
              "omitted": false,
              "linkType": "Asset"
            },
            {
              "id": "bio",
              "name": "Bio",
              "type": "Text",
              "localized": false,
              "required": false,
              "validations": [],
              "disabled": false,
              "omitted": false
            }
          ]
        }
    http_version: 
  recorded_at: Fri, 15 Jun 2018 10:42:42 GMT
- request:
    method: post
    uri: https://api.contentful.com/spaces/<CONTENTFUL_SPACE_ID>/environments/<CONTENTFUL_ENVIRONMENT>/entries
    body:
      encoding: UTF-8
      string: '{"fields":{"name":{"en-GB":"Person"},"slug":{"en-GB":"person"}}}'
    headers:
      X-Contentful-User-Agent:
      - sdk contentful-management.rb/2.2.0; integration contentful_model/1.0.0; platform
        ruby/2.5.0; os macOS/17;
      Authorization:
      - Bearer <CONTENTFUL_MANAGEMENT_API_KEY>
      Content-Type:
      - application/vnd.contentful.management.v1+json
      X-Contentful-Content-Type:
      - teamMember
      Content-Type-Id:
      - teamMember
      Connection:
      - close
      Host:
      - api.contentful.com
      User-Agent:
      - http.rb/2.2.2
  response:
    status:
      code: 201
      message: Created
    headers:
      Access-Control-Allow-Headers:
      - Accept,Accept-Language,Authorization,Cache-Control,Content-Length,Content-Range,Content-Type,DNT,Destination,Expires,If-Match,If-Modified-Since,If-None-Match,Keep-Alive,Last-Modified,Origin,Pragma,Range,User-Agent,X-Http-Method-Override,X-Mx-ReqToken,X-Requested-With,X-Contentful-Version,X-Contentful-Content-Type,X-Contentful-Organization,X-Contentful-Skip-Transformation,X-Contentful-User-Agent,X-Contentful-Enable-Alpha-Feature
      Access-Control-Allow-Methods:
      - DELETE,GET,HEAD,POST,PUT,OPTIONS
      Access-Control-Allow-Origin:
      - "*"
      Access-Control-Expose-Headers:
      - Etag
      Access-Control-Max-Age:
      - '1728000'
      Cf-Space-Id:
      - "<CONTENTFUL_SPACE_ID>"
      Content-Type:
      - application/vnd.contentful.management.v1+json
      Contentful-Api:
      - cma
      Date:
      - Fri, 15 Jun 2018 10:42:43 GMT
      Etag:
      - '"b397cc8f67c25adcb25a680c86f05ff9"'
      Server:
      - Contentful
      Strict-Transport-Security:
      - max-age=15768000
      X-Content-Type-Options:
      - nosniff
      X-Contentful-Ratelimit-Hour-Limit:
      - '36000'
      X-Contentful-Ratelimit-Hour-Remaining:
      - '35590'
      X-Contentful-Ratelimit-Reset:
      - '0'
      X-Contentful-Ratelimit-Second-Limit:
      - '10'
      X-Contentful-Ratelimit-Second-Remaining:
      - '6'
      X-Contentful-Request-Id:
      - a23bfff79fe264db14615b6f18342011
      Content-Length:
      - '966'
      Connection:
      - Close
      Set-Cookie:
      - incap_ses_801_673446=Jhg0KtdkZFCurBq0nrkdCyKYI1sAAAAAqVHLMlRTzueNS5o6LcGpEQ==;
        path=/; Domain=.contentful.com
      - nlbi_673446=ktFvcD4JwXfhax6a6lKYhQAAAADWkho3t1AelHoodU4cPKGd; path=/; Domain=.contentful.com
      - visid_incap_673446=s1HkIm8xTty01XrMisXJ3yKYI1sAAAAAQUIPAAAAAABa53LdV0O9bKi7IJfB3hcc;
        expires=Sat, 15 Jun 2019 07:58:04 GMT; path=/; Domain=.contentful.com
      X-Iinfo:
      - 12-20769545-20769554 NNNN CT(0 0 0) RT(1529059362157 28) q(0 0 0 -1) r(3 3)
        U5
      X-Cdn:
      - Incapsula
    body:
      encoding: ASCII-8BIT
      string: |
        {
          "sys": {
            "space": {
              "sys": {
                "type": "Link",
                "linkType": "Space",
                "id": "<CONTENTFUL_SPACE_ID>"
              }
            },
            "id": "1pbXfh8hSIGuAY4M4AQAAe",
            "type": "Entry",
            "createdAt": "2018-06-15T10:42:42.848Z",
            "updatedAt": "2018-06-15T10:42:42.848Z",
            "environment": {
              "sys": {
                "id": "<CONTENTFUL_ENVIRONMENT>",
                "type": "Link",
                "linkType": "Environment"
              }
            },
            "createdBy": {
              "sys": {
                "type": "Link",
                "linkType": "User",
                "id": "0YPGZGiUm0o1pdmXHCjf2S"
              }
            },
            "updatedBy": {
              "sys": {
                "type": "Link",
                "linkType": "User",
                "id": "0YPGZGiUm0o1pdmXHCjf2S"
              }
            },
            "version": 1,
            "contentType": {
              "sys": {
                "type": "Link",
                "linkType": "ContentType",
                "id": "teamMember"
              }
            }
          },
          "fields": {
            "name": {
              "en-GB": "Person"
            },
            "slug": {
              "en-GB": "person"
            }
          }
        }
    http_version: 
  recorded_at: Fri, 15 Jun 2018 10:42:43 GMT
- request:
    method: put
    uri: https://api.contentful.com/spaces/<CONTENTFUL_SPACE_ID>/environments/<CONTENTFUL_ENVIRONMENT>/entries/1pbXfh8hSIGuAY4M4AQAAe
    body:
      encoding: UTF-8
      string: '{"fields":{"name":{"en-GB":"Person"},"slug":{"en-GB":"person"}}}'
    headers:
      X-Contentful-User-Agent:
      - sdk contentful-management.rb/2.2.0; integration contentful_model/1.0.0; platform
        ruby/2.5.0; os macOS/17;
      Authorization:
      - Bearer <CONTENTFUL_MANAGEMENT_API_KEY>
      Content-Type:
      - application/vnd.contentful.management.v1+json
      X-Contentful-Version:
      - '1'
      Version:
      - '1'
      Connection:
      - close
      Host:
      - api.contentful.com
      User-Agent:
      - http.rb/2.2.2
  response:
    status:
      code: 200
      message: OK
    headers:
      Access-Control-Allow-Headers:
      - Accept,Accept-Language,Authorization,Cache-Control,Content-Length,Content-Range,Content-Type,DNT,Destination,Expires,If-Match,If-Modified-Since,If-None-Match,Keep-Alive,Last-Modified,Origin,Pragma,Range,User-Agent,X-Http-Method-Override,X-Mx-ReqToken,X-Requested-With,X-Contentful-Version,X-Contentful-Content-Type,X-Contentful-Organization,X-Contentful-Skip-Transformation,X-Contentful-User-Agent,X-Contentful-Enable-Alpha-Feature
      Access-Control-Allow-Methods:
      - DELETE,GET,HEAD,POST,PUT,OPTIONS
      Access-Control-Allow-Origin:
      - "*"
      Access-Control-Expose-Headers:
      - Etag
      Access-Control-Max-Age:
      - '1728000'
      Cf-Space-Id:
      - "<CONTENTFUL_SPACE_ID>"
      Content-Type:
      - application/vnd.contentful.management.v1+json
      Contentful-Api:
      - cma
      Date:
      - Fri, 15 Jun 2018 10:42:43 GMT
      Etag:
      - '"cd7c2e8052524d2cba8b20a51b99b58d"'
      Server:
      - Contentful
      Strict-Transport-Security:
      - max-age=15768000
      X-Content-Type-Options:
      - nosniff
      X-Contentful-Ratelimit-Hour-Limit:
      - '36000'
      X-Contentful-Ratelimit-Hour-Remaining:
      - '35589'
      X-Contentful-Ratelimit-Reset:
      - '0'
      X-Contentful-Ratelimit-Second-Limit:
      - '10'
      X-Contentful-Ratelimit-Second-Remaining:
      - '9'
      X-Contentful-Request-Id:
      - 4683e40114aab7708b8bcc10b3033c91
      Content-Length:
      - '966'
      Connection:
      - Close
      Set-Cookie:
      - incap_ses_801_673446=GGMiH+6bfCbwrBq0nrkdCyKYI1sAAAAA6LBlTD9gV1ZYH7AgraRtAQ==;
        path=/; Domain=.contentful.com
      - nlbi_673446=7eTHQTJ7LRGCuYPO6lKYhQAAAABisZHMFhSHd2AF2GElxEMz; path=/; Domain=.contentful.com
      - visid_incap_673446=S+f/O6YoQ0SWHI6yUYVQeSKYI1sAAAAAQUIPAAAAAADLUW9bKSmTm1chmbeiqyTw;
        expires=Sat, 15 Jun 2019 07:58:05 GMT; path=/; Domain=.contentful.com
      X-Iinfo:
      - 6-5541060-5541062 NNNN CT(0 0 0) RT(1529059362705 22) q(0 0 0 -1) r(1 1) U5
      X-Cdn:
      - Incapsula
    body:
      encoding: ASCII-8BIT
      string: |
        {
          "sys": {
            "space": {
              "sys": {
                "type": "Link",
                "linkType": "Space",
                "id": "<CONTENTFUL_SPACE_ID>"
              }
            },
            "id": "1pbXfh8hSIGuAY4M4AQAAe",
            "type": "Entry",
            "createdAt": "2018-06-15T10:42:42.848Z",
            "updatedAt": "2018-06-15T10:42:43.391Z",
            "environment": {
              "sys": {
                "id": "<CONTENTFUL_ENVIRONMENT>",
                "type": "Link",
                "linkType": "Environment"
              }
            },
            "createdBy": {
              "sys": {
                "type": "Link",
                "linkType": "User",
                "id": "0YPGZGiUm0o1pdmXHCjf2S"
              }
            },
            "updatedBy": {
              "sys": {
                "type": "Link",
                "linkType": "User",
                "id": "0YPGZGiUm0o1pdmXHCjf2S"
              }
            },
            "version": 2,
            "contentType": {
              "sys": {
                "type": "Link",
                "linkType": "ContentType",
                "id": "teamMember"
              }
            }
          },
          "fields": {
            "name": {
              "en-GB": "Person"
            },
            "slug": {
              "en-GB": "person"
            }
          }
        }
    http_version: 
  recorded_at: Fri, 15 Jun 2018 10:42:43 GMT
- request:
    method: put
    uri: https://api.contentful.com/spaces/<CONTENTFUL_SPACE_ID>/environments/<CONTENTFUL_ENVIRONMENT>/entries/1pbXfh8hSIGuAY4M4AQAAe/published
    body:
      encoding: US-ASCII
      string: ''
    headers:
      X-Contentful-User-Agent:
      - sdk contentful-management.rb/2.2.0; integration contentful_model/1.0.0; platform
        ruby/2.5.0; os macOS/17;
      Authorization:
      - Bearer <CONTENTFUL_MANAGEMENT_API_KEY>
      Content-Type:
      - application/vnd.contentful.management.v1+json
      X-Contentful-Version:
      - '2'
      Version:
      - '2'
      Connection:
      - close
      Host:
      - api.contentful.com
      User-Agent:
      - http.rb/2.2.2
  response:
    status:
      code: 200
      message: OK
    headers:
      Access-Control-Allow-Headers:
      - Accept,Accept-Language,Authorization,Cache-Control,Content-Length,Content-Range,Content-Type,DNT,Destination,Expires,If-Match,If-Modified-Since,If-None-Match,Keep-Alive,Last-Modified,Origin,Pragma,Range,User-Agent,X-Http-Method-Override,X-Mx-ReqToken,X-Requested-With,X-Contentful-Version,X-Contentful-Content-Type,X-Contentful-Organization,X-Contentful-Skip-Transformation,X-Contentful-User-Agent,X-Contentful-Enable-Alpha-Feature
      Access-Control-Allow-Methods:
      - DELETE,GET,HEAD,POST,PUT,OPTIONS
      Access-Control-Allow-Origin:
      - "*"
      Access-Control-Expose-Headers:
      - Etag
      Access-Control-Max-Age:
      - '1728000'
      Cf-Space-Id:
      - "<CONTENTFUL_SPACE_ID>"
      Content-Type:
      - application/vnd.contentful.management.v1+json
      Contentful-Api:
      - cma
      Date:
      - Fri, 15 Jun 2018 10:42:43 GMT
      Etag:
      - '"265daf5e6d24cf488976738c216ffd37"'
      Server:
      - Contentful
      Strict-Transport-Security:
      - max-age=15768000
      X-Content-Type-Options:
      - nosniff
      X-Contentful-Ratelimit-Hour-Limit:
      - '36000'
      X-Contentful-Ratelimit-Hour-Remaining:
      - '35588'
      X-Contentful-Ratelimit-Reset:
      - '0'
      X-Contentful-Ratelimit-Second-Limit:
      - '10'
      X-Contentful-Ratelimit-Second-Remaining:
      - '8'
      X-Contentful-Request-Id:
      - ea069290458eb97dd76bdc51e899d0d9
      Content-Length:
      - '1261'
      Connection:
      - Close
      Set-Cookie:
      - incap_ses_801_673446=7FcVJi4IPVAWrRq0nrkdCyOYI1sAAAAAP/CyxiHHXbKsCtZq5rTtWw==;
        path=/; Domain=.contentful.com
      - nlbi_673446=XKZzbJUZU1hQOvP26lKYhQAAAACFvCPvwFXp6uBfgIyN4U1Z; path=/; Domain=.contentful.com
      - visid_incap_673446=c836LZT1Q9O3re00QiYh+COYI1sAAAAAQUIPAAAAAADAQbUv9nNJMD/fcuIApFH4;
        expires=Sat, 15 Jun 2019 07:58:04 GMT; path=/; Domain=.contentful.com
      X-Iinfo:
      - 14-34066640-34066652 NNNN CT(0 0 0) RT(1529059362885 31) q(0 0 0 -1) r(2 2)
        U5
      X-Cdn:
      - Incapsula
    body:
      encoding: ASCII-8BIT
      string: |
        {
          "sys": {
            "space": {
              "sys": {
                "type": "Link",
                "linkType": "Space",
                "id": "<CONTENTFUL_SPACE_ID>"
              }
            },
            "id": "1pbXfh8hSIGuAY4M4AQAAe",
            "type": "Entry",
            "createdAt": "2018-06-15T10:42:42.848Z",
            "updatedAt": "2018-06-15T10:42:43.596Z",
            "environment": {
              "sys": {
                "id": "<CONTENTFUL_ENVIRONMENT>",
                "type": "Link",
                "linkType": "Environment"
              }
            },
            "createdBy": {
              "sys": {
                "type": "Link",
                "linkType": "User",
                "id": "0YPGZGiUm0o1pdmXHCjf2S"
              }
            },
            "updatedBy": {
              "sys": {
                "type": "Link",
                "linkType": "User",
                "id": "0YPGZGiUm0o1pdmXHCjf2S"
              }
            },
            "publishedCounter": 1,
            "version": 3,
            "publishedBy": {
              "sys": {
                "type": "Link",
                "linkType": "User",
                "id": "0YPGZGiUm0o1pdmXHCjf2S"
              }
            },
            "publishedVersion": 2,
            "firstPublishedAt": "2018-06-15T10:42:43.596Z",
            "publishedAt": "2018-06-15T10:42:43.596Z",
            "contentType": {
              "sys": {
                "type": "Link",
                "linkType": "ContentType",
                "id": "teamMember"
              }
            }
          },
          "fields": {
            "name": {
              "en-GB": "Person"
            },
            "slug": {
              "en-GB": "person"
            }
          }
        }
    http_version: 
  recorded_at: Fri, 15 Jun 2018 10:42:43 GMT
- request:
    method: get
    uri: https://api.contentful.com/spaces/<CONTENTFUL_SPACE_ID>/environments/<CONTENTFUL_ENVIRONMENT>/content_types/blogPost
    body:
      encoding: US-ASCII
      string: ''
    headers:
      X-Contentful-User-Agent:
      - sdk contentful-management.rb/2.2.0; integration contentful_model/1.0.0; platform
        ruby/2.5.0; os macOS/17;
      Authorization:
      - Bearer <CONTENTFUL_MANAGEMENT_API_KEY>
      Content-Type:
      - application/vnd.contentful.management.v1+json
      Connection:
      - close
      Host:
      - api.contentful.com
      User-Agent:
      - http.rb/2.2.2
  response:
    status:
      code: 200
      message: OK
    headers:
      Access-Control-Allow-Headers:
      - Accept,Accept-Language,Authorization,Cache-Control,Content-Length,Content-Range,Content-Type,DNT,Destination,Expires,If-Match,If-Modified-Since,If-None-Match,Keep-Alive,Last-Modified,Origin,Pragma,Range,User-Agent,X-Http-Method-Override,X-Mx-ReqToken,X-Requested-With,X-Contentful-Version,X-Contentful-Content-Type,X-Contentful-Organization,X-Contentful-Skip-Transformation,X-Contentful-User-Agent,X-Contentful-Enable-Alpha-Feature
      Access-Control-Allow-Methods:
      - DELETE,GET,HEAD,POST,PUT,OPTIONS
      Access-Control-Allow-Origin:
      - "*"
      Access-Control-Expose-Headers:
      - Etag
      Access-Control-Max-Age:
      - '1728000'
      Cf-Space-Id:
      - "<CONTENTFUL_SPACE_ID>"
      Content-Type:
      - application/vnd.contentful.management.v1+json
      Contentful-Api:
      - cma
      Date:
      - Fri, 15 Jun 2018 10:42:44 GMT
      Etag:
      - '"8e0f70d164e86891e0f7a1436b0de75f"'
      Server:
      - Contentful
      Strict-Transport-Security:
      - max-age=15768000
      X-Content-Type-Options:
      - nosniff
      X-Contentful-Ratelimit-Hour-Limit:
      - '36000'
      X-Contentful-Ratelimit-Hour-Remaining:
      - '35587'
      X-Contentful-Ratelimit-Reset:
      - '0'
      X-Contentful-Ratelimit-Second-Limit:
      - '10'
      X-Contentful-Ratelimit-Second-Remaining:
      - '9'
      X-Contentful-Request-Id:
      - a21d1ad30acda75497723b6adc162816
      Content-Length:
      - '2479'
      Connection:
      - Close
      Set-Cookie:
      - incap_ses_801_673446=PbWIZKZZ2wNfrRq0nrkdCyOYI1sAAAAArPh6HDqf/pigPwjNlpZZzA==;
        path=/; Domain=.contentful.com
      - nlbi_673446=ynlmVgwyHwCe8b7H6lKYhQAAAACggkI+MKYeaYo6XgETW3MU; path=/; Domain=.contentful.com
      - visid_incap_673446=W3lfRpV0RcWrYy0YF0OsriOYI1sAAAAAQUIPAAAAAAACpu8R6tqiJQI7e4tZIUF+;
        expires=Sat, 15 Jun 2019 07:58:04 GMT; path=/; Domain=.contentful.com
      X-Iinfo:
      - 12-20769786-20769793 NNNN CT(84 168 0) RT(1529059363136 24) q(0 0 3 -1) r(4
        4) U5
      X-Cdn:
      - Incapsula
    body:
      encoding: ASCII-8BIT
      string: |
        {
          "sys": {
            "space": {
              "sys": {
                "type": "Link",
                "linkType": "Space",
                "id": "<CONTENTFUL_SPACE_ID>"
              }
            },
            "id": "blogPost",
            "type": "ContentType",
            "createdAt": "2018-05-31T08:54:43.431Z",
            "updatedAt": "2018-06-08T11:23:11.748Z",
            "environment": {
              "sys": {
                "id": "<CONTENTFUL_ENVIRONMENT>",
                "type": "Link",
                "linkType": "Environment"
              }
            },
            "createdBy": {
              "sys": {
                "type": "Link",
                "linkType": "User",
                "id": "0YPGZGiUm0o1pdmXHCjf2S"
              }
            },
            "updatedBy": {
              "sys": {
                "type": "Link",
                "linkType": "User",
                "id": "0YPGZGiUm0o1pdmXHCjf2S"
              }
            },
            "publishedCounter": 8,
            "version": 16,
            "publishedBy": {
              "sys": {
                "type": "Link",
                "linkType": "User",
                "id": "0YPGZGiUm0o1pdmXHCjf2S"
              }
            },
            "publishedVersion": 15,
            "firstPublishedAt": "2018-05-31T08:54:45.079Z",
            "publishedAt": "2018-06-08T11:23:11.748Z"
          },
          "displayField": "title",
          "name": "Blog Post",
          "description": null,
          "fields": [
            {
              "id": "title",
              "name": "Title",
              "type": "Symbol",
              "localized": false,
              "required": false,
              "validations": [],
              "disabled": false,
              "omitted": false
            },
            {
              "id": "subheading",
              "name": "Subheading",
              "type": "Symbol",
              "localized": false,
              "required": false,
              "validations": [],
              "disabled": false,
              "omitted": false
            },
            {
              "id": "author",
              "name": "Author",
              "type": "Link",
              "localized": false,
              "required": false,
              "validations": [
                {
                  "linkContentType": [
                    "boardMember",
                    "teamMember"
                  ]
                }
              ],
              "disabled": false,
              "omitted": false,
              "linkType": "Entry"
            },
            {
              "id": "date",
              "name": "Date",
              "type": "Date",
              "localized": false,
              "required": false,
              "validations": [],
              "disabled": false,
              "omitted": false
            },
            {
              "id": "slug",
              "name": "Slug",
              "type": "Symbol",
              "localized": false,
              "required": false,
              "validations": [],
              "disabled": true,
              "omitted": false
            },
            {
              "id": "body",
              "name": "Body",
              "type": "Text",
              "localized": false,
              "required": false,
              "validations": [],
              "disabled": false,
              "omitted": false
            }
          ]
        }
    http_version: 
  recorded_at: Fri, 15 Jun 2018 10:42:44 GMT
- request:
    method: post
    uri: https://api.contentful.com/spaces/<CONTENTFUL_SPACE_ID>/environments/<CONTENTFUL_ENVIRONMENT>/entries
    body:
      encoding: UTF-8
      string: '{"fields":{"title":{"en-GB":"example-blog-post"},"subheading":{"en-GB":"subheading"},"date":{"en-GB":"2018-06-15"},"slug":{"en-GB":"example-blog-post"},"body":{"en-GB":"Some
        Text"},"author":{"en-GB":{"sys":{"type":"Link","linkType":"Entry","id":"1pbXfh8hSIGuAY4M4AQAAe"}}}}}'
    headers:
      X-Contentful-User-Agent:
      - sdk contentful-management.rb/2.2.0; integration contentful_model/1.0.0; platform
        ruby/2.5.0; os macOS/17;
      Authorization:
      - Bearer <CONTENTFUL_MANAGEMENT_API_KEY>
      Content-Type:
      - application/vnd.contentful.management.v1+json
      X-Contentful-Content-Type:
      - blogPost
      Content-Type-Id:
      - blogPost
      Connection:
      - close
      Host:
      - api.contentful.com
      User-Agent:
      - http.rb/2.2.2
  response:
    status:
      code: 201
      message: Created
    headers:
      Access-Control-Allow-Headers:
      - Accept,Accept-Language,Authorization,Cache-Control,Content-Length,Content-Range,Content-Type,DNT,Destination,Expires,If-Match,If-Modified-Since,If-None-Match,Keep-Alive,Last-Modified,Origin,Pragma,Range,User-Agent,X-Http-Method-Override,X-Mx-ReqToken,X-Requested-With,X-Contentful-Version,X-Contentful-Content-Type,X-Contentful-Organization,X-Contentful-Skip-Transformation,X-Contentful-User-Agent,X-Contentful-Enable-Alpha-Feature
      Access-Control-Allow-Methods:
      - DELETE,GET,HEAD,POST,PUT,OPTIONS
      Access-Control-Allow-Origin:
      - "*"
      Access-Control-Expose-Headers:
      - Etag
      Access-Control-Max-Age:
      - '1728000'
      Cf-Space-Id:
      - "<CONTENTFUL_SPACE_ID>"
      Content-Type:
      - application/vnd.contentful.management.v1+json
      Contentful-Api:
      - cma
      Date:
      - Fri, 15 Jun 2018 10:42:44 GMT
      Etag:
      - '"bd93dd4387eb7227ace7f55e3be20f00"'
      Server:
      - Contentful
      Strict-Transport-Security:
      - max-age=15768000
      X-Content-Type-Options:
      - nosniff
      X-Contentful-Ratelimit-Hour-Limit:
      - '36000'
      X-Contentful-Ratelimit-Hour-Remaining:
      - '35586'
      X-Contentful-Ratelimit-Reset:
      - '0'
      X-Contentful-Ratelimit-Second-Limit:
      - '10'
      X-Contentful-Ratelimit-Second-Remaining:
      - '8'
      X-Contentful-Request-Id:
      - a1de48e442fe9e77354e884c79344c1b
      Content-Length:
      - '1311'
      Connection:
      - Close
      Set-Cookie:
      - incap_ses_801_673446=3v6/Kb8srlerrRq0nrkdCyOYI1sAAAAAVFDJ0C7S8rwqEXu/CCeJWg==;
        path=/; Domain=.contentful.com
      - nlbi_673446=AJ/1L47uH33ryfoF6lKYhQAAAAC6Q8ivpOP9yeiNdplq6VCK; path=/; Domain=.contentful.com
      - visid_incap_673446=0zWls6GVRfiwlVi2BtwsOiOYI1sAAAAAQUIPAAAAAAAcUoOeyVZ0rrvVdvF1Pbba;
        expires=Sat, 15 Jun 2019 07:58:04 GMT; path=/; Domain=.contentful.com
      X-Iinfo:
      - 7-9766567-9766570 NNNN CT(0 0 0) RT(1529059363557 25) q(0 0 0 -1) r(4 4) U5
      X-Cdn:
      - Incapsula
    body:
      encoding: ASCII-8BIT
      string: |
        {
          "sys": {
            "space": {
              "sys": {
                "type": "Link",
                "linkType": "Space",
                "id": "<CONTENTFUL_SPACE_ID>"
              }
            },
            "id": "BZ2hrQK4De4oMOCQ26OUM",
            "type": "Entry",
            "createdAt": "2018-06-15T10:42:44.357Z",
            "updatedAt": "2018-06-15T10:42:44.357Z",
            "environment": {
              "sys": {
                "id": "<CONTENTFUL_ENVIRONMENT>",
                "type": "Link",
                "linkType": "Environment"
              }
            },
            "createdBy": {
              "sys": {
                "type": "Link",
                "linkType": "User",
                "id": "0YPGZGiUm0o1pdmXHCjf2S"
              }
            },
            "updatedBy": {
              "sys": {
                "type": "Link",
                "linkType": "User",
                "id": "0YPGZGiUm0o1pdmXHCjf2S"
              }
            },
            "version": 1,
            "contentType": {
              "sys": {
                "type": "Link",
                "linkType": "ContentType",
                "id": "blogPost"
              }
            }
          },
          "fields": {
            "title": {
              "en-GB": "example-blog-post"
            },
            "subheading": {
              "en-GB": "subheading"
            },
            "author": {
              "en-GB": {
                "sys": {
                  "type": "Link",
                  "linkType": "Entry",
                  "id": "1pbXfh8hSIGuAY4M4AQAAe"
                }
              }
            },
            "date": {
              "en-GB": "2018-06-15"
            },
            "slug": {
              "en-GB": "example-blog-post"
            },
            "body": {
              "en-GB": "Some Text"
            }
          }
        }
    http_version: 
  recorded_at: Fri, 15 Jun 2018 10:42:44 GMT
- request:
    method: put
    uri: https://api.contentful.com/spaces/<CONTENTFUL_SPACE_ID>/environments/<CONTENTFUL_ENVIRONMENT>/entries/BZ2hrQK4De4oMOCQ26OUM
    body:
      encoding: UTF-8
      string: '{"fields":{"title":{"en-GB":"example-blog-post"},"subheading":{"en-GB":"subheading"},"author":{"en-GB":{"sys":{"type":"Link","linkType":"Entry","id":"1pbXfh8hSIGuAY4M4AQAAe"}}},"date":{"en-GB":"2018-06-15T00:00:00.000+00:00"},"slug":{"en-GB":"example-blog-post"},"body":{"en-GB":"Some
        Text"}}}'
    headers:
      X-Contentful-User-Agent:
      - sdk contentful-management.rb/2.2.0; integration contentful_model/1.0.0; platform
        ruby/2.5.0; os macOS/17;
      Authorization:
      - Bearer <CONTENTFUL_MANAGEMENT_API_KEY>
      Content-Type:
      - application/vnd.contentful.management.v1+json
      X-Contentful-Version:
      - '1'
      Version:
      - '1'
      Connection:
      - close
      Host:
      - api.contentful.com
      User-Agent:
      - http.rb/2.2.2
  response:
    status:
      code: 200
      message: OK
    headers:
      Access-Control-Allow-Headers:
      - Accept,Accept-Language,Authorization,Cache-Control,Content-Length,Content-Range,Content-Type,DNT,Destination,Expires,If-Match,If-Modified-Since,If-None-Match,Keep-Alive,Last-Modified,Origin,Pragma,Range,User-Agent,X-Http-Method-Override,X-Mx-ReqToken,X-Requested-With,X-Contentful-Version,X-Contentful-Content-Type,X-Contentful-Organization,X-Contentful-Skip-Transformation,X-Contentful-User-Agent,X-Contentful-Enable-Alpha-Feature
      Access-Control-Allow-Methods:
      - DELETE,GET,HEAD,POST,PUT,OPTIONS
      Access-Control-Allow-Origin:
      - "*"
      Access-Control-Expose-Headers:
      - Etag
      Access-Control-Max-Age:
      - '1728000'
      Cf-Space-Id:
      - "<CONTENTFUL_SPACE_ID>"
      Content-Type:
      - application/vnd.contentful.management.v1+json
      Contentful-Api:
      - cma
      Date:
      - Fri, 15 Jun 2018 10:42:44 GMT
      Etag:
      - '"c8a065961cf94348eca839e8f3f6973e"'
      Server:
      - Contentful
      Strict-Transport-Security:
      - max-age=15768000
      X-Content-Type-Options:
      - nosniff
      X-Contentful-Ratelimit-Hour-Limit:
      - '36000'
      X-Contentful-Ratelimit-Hour-Remaining:
      - '35585'
      X-Contentful-Ratelimit-Reset:
      - '0'
      X-Contentful-Ratelimit-Second-Limit:
      - '10'
      X-Contentful-Ratelimit-Second-Remaining:
      - '7'
      X-Contentful-Request-Id:
      - 8409286aba5d2a1eac9d41f583f8248c
      Content-Length:
      - '1330'
      Connection:
      - Close
      Set-Cookie:
      - incap_ses_801_673446=NHy1Ec2W2FQFrhq0nrkdCySYI1sAAAAAHzrLhxKYqdTTpDb7vxRmbg==;
        path=/; Domain=.contentful.com
      - nlbi_673446=ED7wKDDT5RS3e4Ss6lKYhQAAAADjWrH5hPiTFkg4GMYL7m5l; path=/; Domain=.contentful.com
      - visid_incap_673446=IWalYm/fRSujvIxAg3Iz8ySYI1sAAAAAQUIPAAAAAABWVdsOpKvR4KH9mFfeUe17;
        expires=Sat, 15 Jun 2019 07:58:04 GMT; path=/; Domain=.contentful.com
      X-Iinfo:
      - 12-20769985-20769987 NNNN CT(74 75 0) RT(1529059363972 31) q(0 0 1 -1) r(3
        3) U5
      X-Cdn:
      - Incapsula
    body:
      encoding: ASCII-8BIT
      string: |
        {
          "sys": {
            "space": {
              "sys": {
                "type": "Link",
                "linkType": "Space",
                "id": "<CONTENTFUL_SPACE_ID>"
              }
            },
            "id": "BZ2hrQK4De4oMOCQ26OUM",
            "type": "Entry",
            "createdAt": "2018-06-15T10:42:44.357Z",
            "updatedAt": "2018-06-15T10:42:44.834Z",
            "environment": {
              "sys": {
                "id": "<CONTENTFUL_ENVIRONMENT>",
                "type": "Link",
                "linkType": "Environment"
              }
            },
            "createdBy": {
              "sys": {
                "type": "Link",
                "linkType": "User",
                "id": "0YPGZGiUm0o1pdmXHCjf2S"
              }
            },
            "updatedBy": {
              "sys": {
                "type": "Link",
                "linkType": "User",
                "id": "0YPGZGiUm0o1pdmXHCjf2S"
              }
            },
            "version": 2,
            "contentType": {
              "sys": {
                "type": "Link",
                "linkType": "ContentType",
                "id": "blogPost"
              }
            }
          },
          "fields": {
            "title": {
              "en-GB": "example-blog-post"
            },
            "subheading": {
              "en-GB": "subheading"
            },
            "author": {
              "en-GB": {
                "sys": {
                  "type": "Link",
                  "linkType": "Entry",
                  "id": "1pbXfh8hSIGuAY4M4AQAAe"
                }
              }
            },
            "date": {
              "en-GB": "2018-06-15T00:00:00.000+00:00"
            },
            "slug": {
              "en-GB": "example-blog-post"
            },
            "body": {
              "en-GB": "Some Text"
            }
          }
        }
    http_version: 
  recorded_at: Fri, 15 Jun 2018 10:42:44 GMT
- request:
    method: put
    uri: https://api.contentful.com/spaces/<CONTENTFUL_SPACE_ID>/environments/<CONTENTFUL_ENVIRONMENT>/entries/BZ2hrQK4De4oMOCQ26OUM/published
    body:
      encoding: US-ASCII
      string: ''
    headers:
      X-Contentful-User-Agent:
      - sdk contentful-management.rb/2.2.0; integration contentful_model/1.0.0; platform
        ruby/2.5.0; os macOS/17;
      Authorization:
      - Bearer <CONTENTFUL_MANAGEMENT_API_KEY>
      Content-Type:
      - application/vnd.contentful.management.v1+json
      X-Contentful-Version:
      - '2'
      Version:
      - '2'
      Connection:
      - close
      Host:
      - api.contentful.com
      User-Agent:
      - http.rb/2.2.2
  response:
    status:
      code: 200
      message: OK
    headers:
      Access-Control-Allow-Headers:
      - Accept,Accept-Language,Authorization,Cache-Control,Content-Length,Content-Range,Content-Type,DNT,Destination,Expires,If-Match,If-Modified-Since,If-None-Match,Keep-Alive,Last-Modified,Origin,Pragma,Range,User-Agent,X-Http-Method-Override,X-Mx-ReqToken,X-Requested-With,X-Contentful-Version,X-Contentful-Content-Type,X-Contentful-Organization,X-Contentful-Skip-Transformation,X-Contentful-User-Agent,X-Contentful-Enable-Alpha-Feature
      Access-Control-Allow-Methods:
      - DELETE,GET,HEAD,POST,PUT,OPTIONS
      Access-Control-Allow-Origin:
      - "*"
      Access-Control-Expose-Headers:
      - Etag
      Access-Control-Max-Age:
      - '1728000'
      Cf-Space-Id:
      - "<CONTENTFUL_SPACE_ID>"
      Content-Type:
      - application/vnd.contentful.management.v1+json
      Contentful-Api:
      - cma
      Date:
      - Fri, 15 Jun 2018 10:42:45 GMT
      Etag:
      - '"73867a24959f91cf862f440e9ecf31c4"'
      Server:
      - Contentful
      Strict-Transport-Security:
      - max-age=15768000
      X-Content-Type-Options:
      - nosniff
      X-Contentful-Ratelimit-Hour-Limit:
      - '36000'
      X-Contentful-Ratelimit-Hour-Remaining:
      - '35584'
      X-Contentful-Ratelimit-Reset:
      - '0'
      X-Contentful-Ratelimit-Second-Limit:
      - '10'
      X-Contentful-Ratelimit-Second-Remaining:
      - '6'
      X-Contentful-Request-Id:
      - 05b7b91d04181d62c5593a4fe758f3bc
      Content-Length:
      - '1625'
      Connection:
      - Close
      Set-Cookie:
      - incap_ses_801_673446=2z65L8AYvnE7rhq0nrkdCySYI1sAAAAAW4CQVbkKxZBy7p+ORXbQgA==;
        path=/; Domain=.contentful.com
      - nlbi_673446=xK7hBUc3ulkb3ERV6lKYhQAAAABhZ1RvQBW/sKE1Dd2jVT0t; path=/; Domain=.contentful.com
      - visid_incap_673446=tmxzYnGMTHC/SSwEtR91GiSYI1sAAAAAQUIPAAAAAACMxvw0z2Jy3qsp/w8aXnwP;
        expires=Sat, 15 Jun 2019 07:58:04 GMT; path=/; Domain=.contentful.com
      X-Iinfo:
      - 14-34067065-34067072 NNNN CT(0 0 0) RT(1529059364336 24) q(0 0 0 -1) r(2 2)
        U5
      X-Cdn:
      - Incapsula
    body:
      encoding: ASCII-8BIT
      string: |
        {
          "sys": {
            "space": {
              "sys": {
                "type": "Link",
                "linkType": "Space",
                "id": "<CONTENTFUL_SPACE_ID>"
              }
            },
            "id": "BZ2hrQK4De4oMOCQ26OUM",
            "type": "Entry",
            "createdAt": "2018-06-15T10:42:44.357Z",
            "updatedAt": "2018-06-15T10:42:45.013Z",
            "environment": {
              "sys": {
                "id": "<CONTENTFUL_ENVIRONMENT>",
                "type": "Link",
                "linkType": "Environment"
              }
            },
            "createdBy": {
              "sys": {
                "type": "Link",
                "linkType": "User",
                "id": "0YPGZGiUm0o1pdmXHCjf2S"
              }
            },
            "updatedBy": {
              "sys": {
                "type": "Link",
                "linkType": "User",
                "id": "0YPGZGiUm0o1pdmXHCjf2S"
              }
            },
            "publishedCounter": 1,
            "version": 3,
            "publishedBy": {
              "sys": {
                "type": "Link",
                "linkType": "User",
                "id": "0YPGZGiUm0o1pdmXHCjf2S"
              }
            },
            "publishedVersion": 2,
            "firstPublishedAt": "2018-06-15T10:42:45.013Z",
            "publishedAt": "2018-06-15T10:42:45.013Z",
            "contentType": {
              "sys": {
                "type": "Link",
                "linkType": "ContentType",
                "id": "blogPost"
              }
            }
          },
          "fields": {
            "title": {
              "en-GB": "example-blog-post"
            },
            "subheading": {
              "en-GB": "subheading"
            },
            "author": {
              "en-GB": {
                "sys": {
                  "type": "Link",
                  "linkType": "Entry",
                  "id": "1pbXfh8hSIGuAY4M4AQAAe"
                }
              }
            },
            "date": {
              "en-GB": "2018-06-15T00:00:00.000+00:00"
            },
            "slug": {
              "en-GB": "example-blog-post"
            },
            "body": {
              "en-GB": "Some Text"
            }
          }
        }
    http_version: 
  recorded_at: Fri, 15 Jun 2018 10:42:45 GMT
- request:
    method: get
    uri: https://cdn.contentful.com/spaces/<CONTENTFUL_SPACE_ID>/environments/<CONTENTFUL_ENVIRONMENT>/entries?content_type=blogPost
    body:
      encoding: US-ASCII
      string: ''
    headers:
      X-Contentful-User-Agent:
      - sdk contentful.rb/2.8.0; integration contentful_model/1.0.0; platform ruby/2.5.0;
        os macOS/17;
      Authorization:
      - Bearer <CONTENTFUL_API_KEY>
      Content-Type:
      - application/vnd.contentful.delivery.v1+json
      Accept-Encoding:
      - gzip
      Connection:
      - close
      Host:
      - cdn.contentful.com
      User-Agent:
      - http.rb/2.2.2
  response:
    status:
      code: 200
      message: OK
    headers:
      Access-Control-Allow-Headers:
      - Accept,Accept-Language,Authorization,Cache-Control,Content-Length,Content-Range,Content-Type,DNT,Destination,Expires,If-Match,If-Modified-Since,If-None-Match,Keep-Alive,Last-Modified,Origin,Pragma,Range,User-Agent,X-Http-Method-Override,X-Mx-ReqToken,X-Requested-With,X-Contentful-Version,X-Contentful-Content-Type,X-Contentful-Organization,X-Contentful-Skip-Transformation,X-Contentful-User-Agent,X-Contentful-Enable-Alpha-Feature
      Access-Control-Allow-Methods:
      - GET,HEAD,OPTIONS
      Access-Control-Allow-Origin:
      - "*"
      Access-Control-Expose-Headers:
      - Etag
      Access-Control-Max-Age:
      - '86400'
      Cache-Control:
      - max-age=0
      Content-Encoding:
      - gzip
      Content-Type:
      - application/vnd.contentful.delivery.v1+json
      Contentful-Api:
      - cda_cached
      Etag:
      - W/"d0766acf44b02a4fb08fcb941f376031"
      Server:
      - Contentful
      X-Content-Type-Options:
      - nosniff
      X-Contentful-Request-Id:
      - 9b76ee016e38962002ad8070426429cf
      Content-Length:
      - '5167'
      Accept-Ranges:
      - bytes
      Date:
      - Fri, 15 Jun 2018 10:42:45 GMT
      Via:
      - 1.1 varnish
      Age:
      - '22'
      Connection:
      - close
      X-Served-By:
      - cache-lcy19228-LCY
      X-Cache:
      - HIT
      X-Cache-Hits:
      - '1'
      X-Timer:
      - S1529059365.199326,VS0,VE0
      Vary:
      - Accept-Encoding
    body:
      encoding: ASCII-8BIT
      string: !binary |-
        H4sIAAAAAAAAA+1d3XLbRpa+z1NgdeONVqRAiqIopWpTiqI4Glu2ZdmjsTNTqSbQJNsE0BAaEM1MpSrvsDe7d7naB8mj5En2O6cBEJAgiY7kWcuhS2WLIPrv9DlfHzS+r/3PLxxnzczN2p7zT/yKD+k8lvi0tp8kYr6Gaz9v0D2pTkWA6x2XP5qpivHJfghUqFL+zn5WqQypxh+4RlvvpWa4KRMLj9oq7rAXK52hC3yx6NRTFU3XqAOLP2sBrr3KO33KNV66Qfk0nh0z89+5o6l+N1c0rOLPz+XvPFD7Z82W6afv35xPxn/LXDecufuHp6+73vysUn/ZscMoTebVL7xEilT6+2SXta7bGbTcfqvTe9Vx9zqdvW23vdPbfVstkMX+hxWQ0YVKdBTKiNq43YZ2SKk06WUDLWvdw0qLt1owkRfKKB2RX1QM6+koRY/zCbu918v27aBSb+P8DwM9fqEx+Ft7HmhPBBwDMmo9/qYoULrH2kjJwF+EDLnMWqpSW2bkG/6hv6rza7LhRApfRWOqubildkeQLb5rqGGo/TmVtQ2YkfHLrvGY8g4+4Hjbevm0652bncfjw97s+embJ+eh587+eLy5iLfeXm9nb3un3XW7t8ebO3iF6Ozu7nW6bbdbL/Bw4q33Z4q3MwFA8fecF8AaKRMnFkkaycQ4I5046UQ6ZxOROmc6mRrnAMiTVNeHtXpUnslHiXSMlFOEqcM44IgsnehEpUoaJ9XODBU5M5VOnMw4OuIWPN3y5YUMdExg7IjIdwhmqQ49coSTiGgs6dc40SFAEddFjN+FN7GVAip9GdVWrjXb7lLIvixGXl6kGLjsstA7HA6So+zlm2l/pl7PB6fHJ8rVt2MlrVmLFW671dluQrQZz1ErtlPUKqaohSlqwYCtGaaoRZY1Le/KFBWw92oif/v1hyuzyfN8MFGBn8jo91/+xzin2lOYuAORyH/8+yRNY7O3uTmbzdoRJkW0dTJuZ9NN2P+d9NLNStvUHS+v6cvffp0I4ySSOhTMnTgbBspMpI/5hFsE3GwxkI2bfIbcb6azwHcCNZUfx4dEojPyOjjjWML7RQpTsyOaiUhyRyy8rP336O/Rq4kydiD4VzhDBZ/E7fK9B1eHg5pUxmUI2UlpO88jdmNqZirnTiCN0REiDW7taFxNqsGmItSEjlzAx9FGSnYwKoxhzFBwgCXSSJF4E2ekIloY0ZELoQIxDCSViHTqyEhn48meM5MOohsj1E4earUQorqHGXwA33qcdrTQBlAADsHjihPhYYkmB7QXPRGLoQpUOt9wQo1eLkym41gnaYbuz6k9qgjBziMvTeicYSYnyDzZGEM4ljMTfHvRPZNhYJUwx4BU5HiBRk2F30xUbLGEKjHwRvhUiyGGzMMoIxwTkruNMcMxY0iOc4xODEsb6B3dD49Glj6P6fdQArV8RqzzTHlTGJ3MgMycfANYhb5Sp4E7AhUwZE0kXMYXsQWuLKn13iJdoMaTlHpBUUOTEmACI3YoGAQBB9DU3HkKD3QY7U9EQCDo659Q/1VMbTkS44TrDJVPTpCDqkocPYsc1EJW0wG8QuduzXaxFZVg//sv/2U9jPqggDbwLUAOFa6ZswBtcnpEii/g1BjpAtV5JjLPg2uPsoA7RYvJTGEOVHShgwuME650YVcEG3h7ZIBO21lff5xHXzReX//t10jO2LRDmaJHpfcsDEiQt+EM585EBjxv6F9K/gbzzUTiL0IEkztORBhSMEW4HFh/hX2pxzZAGf1s2AXwBlUsW2QcL0uAj4Rkdup4PURNRozIGRLpZx51gGrjSKMJLMCQBzEHxMDJpI4RnmgXtWFMHgxu/adeLzABrSkAhslimdhnAa6nGqHUIvUOSDuTsDD+LSyRT21t/bUPVdTH3D0m8MfWeUaBMC/N+xXNRpdm49SCH01FEblkbBpjiEcBR45GCDqEA+JFAMioK9WZWETz4k5PhyGwwWP7GxT0ldhga8n3AugmMZKhdcERHkbhZxhziXQmC0MAMgVtZcyhZq+NNKEQ98abiEiZ0JAvAgQM7C6xVuoW/YsJSnm13HB8NVZ4MHd8YSZDDY+x7aVaB1OVGjbFFpuC0MJ6pYbDl4h7dciYL8I/thLBtaSkxnobAj935Xr+Qrcu1h2shvmiQ0MXvgaiYDWqwCc5nk4QWORHeFDGykpwioGL9yrMQrQSyZFKa064UfdAqnskQkC4NAUATQRFpxNl4RB1o0GGNwfQkQGtcsgKGcN8pHKEI/BqB0snRSfSsXx1Q2/yZzXzFdYVRjrKYRwyXTF06vuQkr8Sm9C4QbUScYj5pHEhsqYSsEcwCKS0K2U1o7QYD9yNY4n1iQMfjhQHiF2OxhKo2I/49oX7XxmeHRt65WOhs60GsV3ByLw2/0VNFc+/kBPlwWu54TwPbakIH+HaQADKXZsyhjFtcDjVtZIzonx1qo1xQmlzNQGCf8R2wgtwLtYrCxABgiBBmqB9GRQJh4U4u1JpXkGVp2Kkn+RMNKIic7ncJcotMC6ABBdG+kehxQ6NS7yAkalty2UWX1nS0NmYl/ZIjpEpUJNkTEO7BNQ7uBBwELCgUs7/b11zvir9ierBbEsgAtL/3KOs83MOSynQMEOkREaHsk1ZhwjgY+zovO1GSK0igdK82JNdWqMiF/QAcnhKGTWsaJQY1Ve9PMmjgR/xoKwb1xdTAFmsOVmj1qj7lAxzaOK3CCiQYtrg/b5MkcoBbZGzw1NsCUIU7CFZNLkhNzcYl9n05UhkQbo5Ukg0NwPxY74k/Mhf45M3/bEd+yOk6pi8TXgfsB1oHBDQEQJrR6B1wDEMlNSbw+NalA7xWCfbnqbHAVl9ELCm4MeTYgk0LcOPFS1a8K4+yeSNtOCUU5maVq/vuts7/V5v4KJ7BSRMdMCG4EjRtA9Gkwz3CrCeRJgqivfffl1f/y5RPtLJzsA5FvP19bbzCqbL72MwpfBEjozhLVJmJFHsQj4Sp0ALQC/cHX4JCMcw7fjxJORNkK7LlnyP9ilT3hwPgVHjoVBqDP8dhe9GXuD5Yz9WoQjH03ebF0rOzCaab0/SMPjSPj40PFjbLAnoU0mgdAQMVEBiShtHlEqR0ySMwUMRkONaB7WLDncZGWMg6ZGZB0NGoWcDX1F5zmE4EBiQywRwRiBDSRqt35RG0QqHovRgkDdDcSnm+ZMImtAz68Co0hqO0BwrF9I7BKRBZMGfkH/HCn5CnczBChNEOIykoimbpZAl8MX9vs4xHN1HoVSjCCMHZ/p2EIyLyH0wT7UZzp+qkPaZOM9RcmxFqoSxUrDxUGONcCCXoDHDr3Lb52k0rasyCU37s9sqPNh//11n661yw+z8QJ0dDKQrj/74VmFnO9+a73Xbg37/9q3Cmwo8nK3CP9XWfJ6gt+hVQAtxU30RcmknsLIvWNlM/dfuyZmXnReDV+OD7tl8cNg7F97+ybz7oVtyeOm0/cp19/in7bruf/BvTbt0N5qn2IU7JZx6hcXjswOUdzLz5yfDSM2zsfHO3SP5OBN3BZSt3b3udru71VsWUJoLrACl+pb3k3nXd6d97fqrh08BcPrTabyfnVx8f+7qfvbazcL909PeR0ScO9nv80ckOVM/hcedoN89Ozj3xmq+b8Z3RqRuZ6/XafcHSyNSc4EVIn2SiETbBA8lv+n5B2++nZr55Kx/1Nfd7LGYGuV9RLi53jifPZZ0DrJt0TnOLtTrvpLn52dH6uSoRlgqXiIfLsdk4selbndva9Du73aWzW6aC6ywZIUlRCK4jd132TUr/IXtLDg9HgXzjuqa508Gx6dyduSerbCEyRn3zIpMvjn+24todDI+nanDg+eZ97i/793Hg1K3ve0uQ4pk7KEHpasFVlDySULJnRL9T+9Baev8+4vO9nCnk+np4exIH3jd45Pzj4g2d7LfZ5/cRAO//z46eXbyXGrz+kgceYNu/86ANNhzd9qDwfayuc1WY4EVIK0AyWoKiGxZVVoUV5cWN9yQ/px9e/H0dEdPTHc+yPTRuHcwOJmu8GhZYuw9J0i957O3g5dvR8PnZ4/N+PQoFAdn3vldAanX5YRnsASN3b6bai6wAqRPEpBufPny6WVAvWHPBM9edHbU6wNX6+PX+93w+GPu3dxon88+w+kEx389Pr/Y3Q3NkwP5pvvk9OzJ/PEfRxQSxmxjH3hvq9Pu7iyT4nSogAthDPaOt+oFHg6ibP2ZhDG5IIYoKMxDrilOCrZmTnwrCJslS5ZI11VNhSU/Mdu39uq4JmojktKH6TOI5t8styF1ARhMlhplqbZMoiTGS84xJCpNVXdTIZguCIyW+O/JdrXb/9r3+PelrXF7TW/tc2tgmluY5tZimoktvJjmFphVrXyaWxWeZ0lwe2SqtVdEN5/ulDJHkxheIKqBLeZr4kDCKcDT8p1HuWEegQIXvcvA8Mrir50Xlr7OPFoF6pl4jzLE5GRankhaIKmBwJiB8Uw0eyK/guMt5kP5NXRFoSRmV+5zRWBZTplmiUhT/DANr2AqgyDMxE4KpK+dp1AZ4Mq/0UC+Ac0YzDPQVANIUirx94huKQtBHwJKmpWKzMDchXiGWeaTDBYomXNghhMPDeRWsNzJJAHIksykVaBv5Bx+JpEiqMD+A2OOtRok51ooUqAxII1IOaiWpXkyZQ3kTFIakHaAaHPE2CNpVBGbYPwRJXRGlETW86DyBSuQCrFaB0PJoMkCPxP3bDTxj0EApbmjCYNNmGpbZ92BDHiUwkZM9UtJLYRaU2GmOWmZ3IMoc5b2fzM8oZqKeKwKToUMZ0Et//2X/84Rlqi0LwrVIcbJtFoW+pDagjyNVB2g7JUyQctiJtsuIQ68BaoXXEg0EWeG+eEOGO8Qt5DQgCjpbBtw2EkcU8wGmIWQfIByTwIDpuzCgUnyUk43+S0D7lWa41BavqIvY4wBP8DpOQVEUZiNvw7dwQ/79BUNvyhTKjVzmzlP94lo2XH+kiG4SCp/f8zg9fWyH98RH5R0ADxWKwkgS13xiHrrxlOykAwWK+JVqvDml7alM7gZa92Itp8vuFh9SU0kkjngh1TxGu5QAYpSJcdRTw5OfNsNy/HWI7B0EeKgQLP4jcVo1G0oM4AW9CvEQzrOBTuwsSAcspcpvgF+zGamswWI9Q9lB+tW7fRbfmoFt2jOc6kjfUe8V7DrSdJCpOsNdmcWU1Q1ariENksGboFijIjU13KwBAJM/WctBkn8oDSSvtUPET2XLltqM7SCaAgQQY7Wdp6B2WrxigZMrWM4HFuAj6kkYjVzi/MUAa2G9GEEkh+kHZBsFjjCkJlLXCrTgK6yy+7bFeQY2MYliVFbiEs5ar/LJSfOM+FPVOi8FRMxU5BRKZhXJFCjkOoYQ5vjE+vC/pPJ21fczLKVmR4Nfjw6BblOhRT++y//m9OmURdkEKSIoBlhExG0QtcCeOdR86RVBY7V5YNFYdUFhGzOroZpJcliPhWCNW+KsHpRH3C97ewTkTpnYhPG0gwUYsyFqoX7ZO9c6ApwMYfhBgtwz6CHJhI68ZlZ7IDWEWag57N2TzgXwsuysO28FGg3Qb/he0Tzrt4I9GBueeHN98EuJ6ikDlmgqDK52SfwA5OQc5eyTdYJVcOiYa2qqNNJM0vlEU1GpmylZ2Ckk+ewngTCm0IRYrG2wE0GfMhFcBdlPSQOvQrQ6BxjslXX0bSwOqA0HXUbOo6afqeG0XY9Q95AUYCZoK6SS1t3QOZBazqu1TL0wiswOYRXmJcrPQOEVHtfV09BbUlSS0S1VRPXHkEoZaqpd0rZF2lOaVZYMckQYDXPrEsmF7zEVcVpGf+gJ8E1FXlB5svK6Td2j7U4umZxeE3j3m3jATaNd/Kb6ht2I/FtdVeqaT+ylOpfd5ANDgCpHm1SPQQlF/lf89qqdud1NBA033ykTfkyttPeGmxVX5agSPOhNjcWuX434XrLXnu0zQdZ/bD5eJub7Np8yA3Z6tpjbq4fxfL+cT0BtvSSVIrwWJIOsvoa4KaxcKhePfamPFeGfbjh6BtcjUTIBV9gNcKJPzWHMvmpNhC50XeL05by38pjdRZnATW8JnlooXbNM/+dQi0/nGaw19tudwaDZULt5iKrUGtgHMGdl3tB8P8bao8TOXbOFFTekIZeE3KQ6I5bWPKb7km0jfUXxbkCzrcKh51Al1YP33iCQyUunUJzHxC2b5D11JqqsLn6/nT3r2byxJ2pgTzwDsbi7PiodmrbTUA2VNThtWMRiTGlhMXAaP/jVYKHogQqfM5Vn9GBMA66Qvsr0Eg63/PBI4bOK6CdUYMHtvzYhUUtlP5R5nNp65Eu0T7r1US/+gxR32EoE5PFcD5TOGx+XXQnOFy85MQ7jO7OMnB4c5EVHD5cOFxlHuVJXs2s+nsINRKCuG1I2pcPteuKrEJtFWpXuVAPLcm/hnR+H6EGYQWOrOx/wKpG0oqmIqtQW4Xaww+1a6Sp9xBqpCPo4Xm6pmHCE84tW1dNRVahtgq1hx9qzVzi+4g0EOT77e3OByxqxKlvKrKKtFWkPfxIaz7g5R4iDWeYQ+O/s1s7xujmNe26IqtI+5NFGr+W4dejcBi7S/uZvg69Zpe5Mf6ublc3vw4tX7jgPxDo1s/YuC7+bi7yecTfHd4tlv+xxk1vPOiIyKsvKbKE/seatc1N5oeatpeOBL12MDgJPt2svkffbPaFzZ4/GIntncHWlt/3R1ud7cHusLfrut2djux0hrubbvtdPL70GmPNnn1Z/w9CKJzovYn6iTq6tTXoDqqOxl9yN68Mg7+aKT+d4Kueu325GL7Fecg4T9F+XeEAUMkqJ6D2KperJbs9y1/eNg6l/h7b9nDzXSzH14jLipe6FkXw989f/PzF/wGEH31pZWgAAA==
    http_version: 
  recorded_at: Fri, 15 Jun 2018 10:42:45 GMT
- request:
    method: get
    uri: https://cdn.contentful.com/spaces/<CONTENTFUL_SPACE_ID>/environments/<CONTENTFUL_ENVIRONMENT>/entries?content_type=blogPost&fields.slug=example-blog-post
    body:
      encoding: US-ASCII
      string: ''
    headers:
      X-Contentful-User-Agent:
      - sdk contentful.rb/2.8.0; integration contentful_model/1.0.0; platform ruby/2.5.0;
        os macOS/17;
      Authorization:
      - Bearer <CONTENTFUL_API_KEY>
      Content-Type:
      - application/vnd.contentful.delivery.v1+json
      Accept-Encoding:
      - gzip
      Connection:
      - close
      Host:
      - cdn.contentful.com
      User-Agent:
      - http.rb/2.2.2
  response:
    status:
      code: 200
      message: OK
    headers:
      Access-Control-Allow-Headers:
      - Accept,Accept-Language,Authorization,Cache-Control,Content-Length,Content-Range,Content-Type,DNT,Destination,Expires,If-Match,If-Modified-Since,If-None-Match,Keep-Alive,Last-Modified,Origin,Pragma,Range,User-Agent,X-Http-Method-Override,X-Mx-ReqToken,X-Requested-With,X-Contentful-Version,X-Contentful-Content-Type,X-Contentful-Organization,X-Contentful-Skip-Transformation,X-Contentful-User-Agent,X-Contentful-Enable-Alpha-Feature
      Access-Control-Allow-Methods:
      - GET,HEAD,OPTIONS
      Access-Control-Allow-Origin:
      - "*"
      Access-Control-Expose-Headers:
      - Etag
      Access-Control-Max-Age:
      - '86400'
      Cache-Control:
      - max-age=0
      Content-Encoding:
      - gzip
      Content-Type:
      - application/vnd.contentful.delivery.v1+json
      Contentful-Api:
      - cda_cached
      Etag:
      - W/"2daba29285592d04eb991b1f14e1db79"
      Server:
      - Contentful
      X-Content-Type-Options:
      - nosniff
      X-Contentful-Request-Id:
      - e1192b41f6caf8297c90ed3ea7afec23
      Content-Length:
      - '742'
      Accept-Ranges:
      - bytes
      Date:
      - Fri, 15 Jun 2018 10:42:45 GMT
      Via:
      - 1.1 varnish
      Age:
      - '16'
      Connection:
      - close
      X-Served-By:
      - cache-lcy19226-LCY
      X-Cache:
      - HIT
      X-Cache-Hits:
      - '1'
      X-Timer:
      - S1529059365.265789,VS0,VE22
      Vary:
      - Accept-Encoding
    body:
      encoding: ASCII-8BIT
      string: !binary |-
        H4sIAAAAAAAAA+1X227aMBi+5ylQbjeQE04ZdwzRbdqm0oFUqVMvQuJSN4kdYqcQVbz7bOeAyXLa1ottIkIov+P/fPDnl063q9GYatPuC3/lBIsDyCltFoZWrPG141uxhxFmeXzdkBR1UcAJIAkP+YhxSgcJjRj0hcDvUmAitqBFaqKBZQtV2Y5kUbFFLMjFzKYvCLua0Hl6uHbsrlObV1JiYQNyhDsTuneewINLnmIkvMqeY/4u/UweLeEZzGeHK31wh4Af7ebodm5CAD8p8nPDFpiFsfrBDqHFoDMTcdEMoJs9MO7po7UOpro+HRp9czy+UxmiwPk1BoifUUiwD7HQ0RzDxCUGKSsGqG10F4rGxgiG8BlRRLCoCyWwNsGMW5wmrNnqtrbNFbml+d94ZLsk3PlGyz1iW55sAYh7H95nDHl5aA8Ies6pY0TJaAyxlOdg+YEHe0JfLxAKFe9ptHmEloPwVohXKGWPFbFHErZKadvgFKtTWpzUA/2mL831dm7cxuZiuLPs2U1sNMdI1GqhsgGYyl8fAPBGvp157kXSZ1gXng1xYrFpRXzYXcNDnqykSdMM/MMDZThYTCKkD93tHhB445OVG++NPx0oQ2NqTPoDc9h2oJQzXAaKepRcBkrNOVszUAarEbF2H4MrP9qD6+uY7uDniP6tE4UfBvfCTw1h24scqOCgxMcMxZxwTAmSqcAypTuT0yLFKyV4hjM1IZp8eFdhGo7Z1FNOTWSGbMqzdLYzO11+TrZWg27EbBn1jbGuDiNucQ2+qWKpHkjVka1EOZyl5rgsRL0C6dTFtRzvcLnViKfai/aWVo+pvEoYtPyv0N/AUO3COl8qEFB6FUghcgkK4iqx5UtgsIQh5eDvrKBoigGC5NsJeKdvOcI6wcKzq0mquOza8BqhLLs85EH8/VYrR1iv0GniHqH3J+/O7hHc4JpOq2K5dFrzJP6vOk123D3/P3aOnR9BB09tBBAAAA==
    http_version: 
  recorded_at: Fri, 15 Jun 2018 10:42:45 GMT
- request:
    method: get
    uri: https://cdn.contentful.com/spaces/<CONTENTFUL_SPACE_ID>/environments/<CONTENTFUL_ENVIRONMENT>/entries?content_type=comment&include=0&limit=1&links_to_entry=3CAxF13Zi0muqCiWC8e0eI
    body:
      encoding: US-ASCII
      string: ''
    headers:
      X-Contentful-User-Agent:
      - sdk contentful.rb/2.8.0; integration contentful_model/1.0.0; platform ruby/2.5.0;
        os macOS/17;
      Authorization:
      - Bearer <CONTENTFUL_API_KEY>
      Content-Type:
      - application/vnd.contentful.delivery.v1+json
      Accept-Encoding:
      - gzip
      Connection:
      - close
      Host:
      - cdn.contentful.com
      User-Agent:
      - http.rb/2.2.2
  response:
    status:
      code: 200
      message: OK
    headers:
      Access-Control-Allow-Headers:
      - Accept,Accept-Language,Authorization,Cache-Control,Content-Length,Content-Range,Content-Type,DNT,Destination,Expires,If-Match,If-Modified-Since,If-None-Match,Keep-Alive,Last-Modified,Origin,Pragma,Range,User-Agent,X-Http-Method-Override,X-Mx-ReqToken,X-Requested-With,X-Contentful-Version,X-Contentful-Content-Type,X-Contentful-Organization,X-Contentful-Skip-Transformation,X-Contentful-User-Agent,X-Contentful-Enable-Alpha-Feature
      Access-Control-Allow-Methods:
      - GET,HEAD,OPTIONS
      Access-Control-Allow-Origin:
      - "*"
      Access-Control-Expose-Headers:
      - Etag
      Access-Control-Max-Age:
      - '86400'
      Cache-Control:
      - max-age=0
      Content-Type:
      - application/vnd.contentful.delivery.v1+json
      Contentful-Api:
      - cda_cached
      Etag:
      - '"7811d6aca5f5ee099a7c2f1c18ad8a76"'
      Server:
      - Contentful
      X-Content-Type-Options:
      - nosniff
      X-Contentful-Request-Id:
      - df17c48290a122d27e34b57aad811b54
      Content-Length:
      - '95'
      Accept-Ranges:
      - bytes
      Date:
      - Fri, 15 Jun 2018 10:42:45 GMT
      Via:
      - 1.1 varnish
      Age:
      - '16'
      Connection:
      - close
      X-Served-By:
      - cache-lcy19237-LCY
      X-Cache:
      - HIT
      X-Cache-Hits:
      - '2'
      X-Timer:
      - S1529059365.350464,VS0,VE0
      Vary:
      - Accept-Encoding
    body:
      encoding: ASCII-8BIT
      string: |
        {
          "sys": {
            "type": "Array"
          },
          "total": 0,
          "skip": 0,
          "limit": 1,
          "items": []
        }
    http_version: 
  recorded_at: Fri, 15 Jun 2018 10:42:45 GMT
- request:
    method: get
    uri: https://cdn.contentful.com/spaces/<CONTENTFUL_SPACE_ID>/environments/<CONTENTFUL_ENVIRONMENT>/entries?content_type=comment&include=2&limit=100&links_to_entry=3CAxF13Zi0muqCiWC8e0eI&order=sys.updatedAt&skip=0
    body:
      encoding: US-ASCII
      string: ''
    headers:
      X-Contentful-User-Agent:
      - sdk contentful.rb/2.8.0; integration contentful_model/1.0.0; platform ruby/2.5.0;
        os macOS/17;
      Authorization:
      - Bearer <CONTENTFUL_API_KEY>
      Content-Type:
      - application/vnd.contentful.delivery.v1+json
      Accept-Encoding:
      - gzip
      Connection:
      - close
      Host:
      - cdn.contentful.com
      User-Agent:
      - http.rb/2.2.2
  response:
    status:
      code: 200
      message: OK
    headers:
      Access-Control-Allow-Headers:
      - Accept,Accept-Language,Authorization,Cache-Control,Content-Length,Content-Range,Content-Type,DNT,Destination,Expires,If-Match,If-Modified-Since,If-None-Match,Keep-Alive,Last-Modified,Origin,Pragma,Range,User-Agent,X-Http-Method-Override,X-Mx-ReqToken,X-Requested-With,X-Contentful-Version,X-Contentful-Content-Type,X-Contentful-Organization,X-Contentful-Skip-Transformation,X-Contentful-User-Agent,X-Contentful-Enable-Alpha-Feature
      Access-Control-Allow-Methods:
      - GET,HEAD,OPTIONS
      Access-Control-Allow-Origin:
      - "*"
      Access-Control-Expose-Headers:
      - Etag
      Access-Control-Max-Age:
      - '86400'
      Cache-Control:
      - max-age=0
      Content-Type:
      - application/vnd.contentful.delivery.v1+json
      Contentful-Api:
      - cda_cached
      Etag:
      - '"29f2c21be26360c424f617d8592cf6f9"'
      Server:
      - Contentful
      X-Content-Type-Options:
      - nosniff
      X-Contentful-Request-Id:
      - 9a7bd04a529ab53537bd285875e6ec7b
      Content-Length:
      - '97'
      Accept-Ranges:
      - bytes
      Date:
      - Fri, 15 Jun 2018 10:42:45 GMT
      Via:
      - 1.1 varnish
      Age:
      - '16'
      Connection:
      - close
      X-Served-By:
      - cache-lcy19220-LCY
      X-Cache:
      - HIT
      X-Cache-Hits:
      - '1'
      X-Timer:
      - S1529059365.422733,VS0,VE0
      Vary:
      - Accept-Encoding
    body:
      encoding: ASCII-8BIT
      string: |
        {
          "sys": {
            "type": "Array"
          },
          "total": 0,
          "skip": 0,
          "limit": 100,
          "items": []
        }
    http_version: 
  recorded_at: Fri, 15 Jun 2018 10:42:45 GMT
- request:
    method: delete
    uri: https://api.contentful.com/spaces/<CONTENTFUL_SPACE_ID>/environments/<CONTENTFUL_ENVIRONMENT>/entries/1pbXfh8hSIGuAY4M4AQAAe/published
    body:
      encoding: US-ASCII
      string: ''
    headers:
      X-Contentful-User-Agent:
      - sdk contentful-management.rb/2.2.0; integration contentful_model/1.0.0; platform
        ruby/2.5.0; os macOS/17;
      Authorization:
      - Bearer <CONTENTFUL_MANAGEMENT_API_KEY>
      Content-Type:
      - application/vnd.contentful.management.v1+json
      X-Contentful-Version:
      - '3'
      Version:
      - '3'
      Connection:
      - close
      Host:
      - api.contentful.com
      User-Agent:
      - http.rb/2.2.2
  response:
    status:
      code: 200
      message: OK
    headers:
      Access-Control-Allow-Headers:
      - Accept,Accept-Language,Authorization,Cache-Control,Content-Length,Content-Range,Content-Type,DNT,Destination,Expires,If-Match,If-Modified-Since,If-None-Match,Keep-Alive,Last-Modified,Origin,Pragma,Range,User-Agent,X-Http-Method-Override,X-Mx-ReqToken,X-Requested-With,X-Contentful-Version,X-Contentful-Content-Type,X-Contentful-Organization,X-Contentful-Skip-Transformation,X-Contentful-User-Agent,X-Contentful-Enable-Alpha-Feature
      Access-Control-Allow-Methods:
      - DELETE,GET,HEAD,POST,PUT,OPTIONS
      Access-Control-Allow-Origin:
      - "*"
      Access-Control-Expose-Headers:
      - Etag
      Access-Control-Max-Age:
      - '1728000'
      Cf-Space-Id:
      - "<CONTENTFUL_SPACE_ID>"
      Content-Type:
      - application/vnd.contentful.management.v1+json
      Contentful-Api:
      - cma
      Date:
      - Fri, 15 Jun 2018 10:42:45 GMT
      Etag:
      - '"ab7966f1184dbd1379c1d568eb9eba60"'
      Server:
      - Contentful
      Strict-Transport-Security:
      - max-age=15768000
      X-Content-Type-Options:
      - nosniff
      X-Contentful-Ratelimit-Hour-Limit:
      - '36000'
      X-Contentful-Ratelimit-Hour-Remaining:
      - '35583'
      X-Contentful-Ratelimit-Reset:
      - '0'
      X-Contentful-Ratelimit-Second-Limit:
      - '10'
      X-Contentful-Ratelimit-Second-Remaining:
      - '9'
      X-Contentful-Request-Id:
      - 201a270ff5866d84f6c89773d75d02e7
      Content-Length:
      - '1045'
      Connection:
      - Close
      Set-Cookie:
      - incap_ses_801_673446=dwpscYCRaE6hrhq0nrkdCyWYI1sAAAAAZfXEuqELO+IMpnA360csnQ==;
        path=/; Domain=.contentful.com
      - nlbi_673446=t2vDMBJ9GmpiO7UA6lKYhQAAAAB4rPNLLOJvto7ih0z/Pyh+; path=/; Domain=.contentful.com
      - visid_incap_673446=kMxPa6eJTmebdtmyZhz1qCWYI1sAAAAAQUIPAAAAAADRQuxAX5ecDtC/QPkUgi4B;
        expires=Sat, 15 Jun 2019 07:58:04 GMT; path=/; Domain=.contentful.com
      X-Iinfo:
      - 11-14314054-14314056 NNNN CT(0 0 0) RT(1529059364863 25) q(0 0 0 -1) r(2 2)
        U5
      X-Cdn:
      - Incapsula
    body:
      encoding: ASCII-8BIT
      string: |
        {
          "sys": {
            "space": {
              "sys": {
                "type": "Link",
                "linkType": "Space",
                "id": "<CONTENTFUL_SPACE_ID>"
              }
            },
            "id": "1pbXfh8hSIGuAY4M4AQAAe",
            "type": "Entry",
            "createdAt": "2018-06-15T10:42:42.848Z",
            "updatedAt": "2018-06-15T10:42:45.556Z",
            "environment": {
              "sys": {
                "id": "<CONTENTFUL_ENVIRONMENT>",
                "type": "Link",
                "linkType": "Environment"
              }
            },
            "createdBy": {
              "sys": {
                "type": "Link",
                "linkType": "User",
                "id": "0YPGZGiUm0o1pdmXHCjf2S"
              }
            },
            "updatedBy": {
              "sys": {
                "type": "Link",
                "linkType": "User",
                "id": "0YPGZGiUm0o1pdmXHCjf2S"
              }
            },
            "publishedCounter": 1,
            "version": 4,
            "firstPublishedAt": "2018-06-15T10:42:43.596Z",
            "contentType": {
              "sys": {
                "type": "Link",
                "linkType": "ContentType",
                "id": "teamMember"
              }
            }
          },
          "fields": {
            "name": {
              "en-GB": "Person"
            },
            "slug": {
              "en-GB": "person"
            }
          }
        }
    http_version: 
  recorded_at: Fri, 15 Jun 2018 10:42:45 GMT
- request:
    method: delete
    uri: https://api.contentful.com/spaces/<CONTENTFUL_SPACE_ID>/environments/<CONTENTFUL_ENVIRONMENT>/entries/BZ2hrQK4De4oMOCQ26OUM/published
    body:
      encoding: US-ASCII
      string: ''
    headers:
      X-Contentful-User-Agent:
      - sdk contentful-management.rb/2.2.0; integration contentful_model/1.0.0; platform
        ruby/2.5.0; os macOS/17;
      Authorization:
      - Bearer <CONTENTFUL_MANAGEMENT_API_KEY>
      Content-Type:
      - application/vnd.contentful.management.v1+json
      X-Contentful-Version:
      - '3'
      Version:
      - '3'
      Connection:
      - close
      Host:
      - api.contentful.com
      User-Agent:
      - http.rb/2.2.2
  response:
    status:
      code: 200
      message: OK
    headers:
      Access-Control-Allow-Headers:
      - Accept,Accept-Language,Authorization,Cache-Control,Content-Length,Content-Range,Content-Type,DNT,Destination,Expires,If-Match,If-Modified-Since,If-None-Match,Keep-Alive,Last-Modified,Origin,Pragma,Range,User-Agent,X-Http-Method-Override,X-Mx-ReqToken,X-Requested-With,X-Contentful-Version,X-Contentful-Content-Type,X-Contentful-Organization,X-Contentful-Skip-Transformation,X-Contentful-User-Agent,X-Contentful-Enable-Alpha-Feature
      Access-Control-Allow-Methods:
      - DELETE,GET,HEAD,POST,PUT,OPTIONS
      Access-Control-Allow-Origin:
      - "*"
      Access-Control-Expose-Headers:
      - Etag
      Access-Control-Max-Age:
      - '1728000'
      Cf-Space-Id:
      - "<CONTENTFUL_SPACE_ID>"
      Content-Type:
      - application/vnd.contentful.management.v1+json
      Contentful-Api:
      - cma
      Date:
      - Fri, 15 Jun 2018 10:42:45 GMT
      Etag:
      - '"52ca92407b34c2cee66d77d663e93066"'
      Server:
      - Contentful
      Strict-Transport-Security:
      - max-age=15768000
      X-Content-Type-Options:
      - nosniff
      X-Contentful-Ratelimit-Hour-Limit:
      - '36000'
      X-Contentful-Ratelimit-Hour-Remaining:
      - '35582'
      X-Contentful-Ratelimit-Reset:
      - '0'
      X-Contentful-Ratelimit-Second-Limit:
      - '10'
      X-Contentful-Ratelimit-Second-Remaining:
      - '8'
      X-Contentful-Request-Id:
      - cf23e07b2345e79f737754c805bf7b62
      Content-Length:
      - '1409'
      Connection:
      - Close
      Set-Cookie:
      - incap_ses_801_673446=wedMJq4EGBLbrhq0nrkdCyWYI1sAAAAAxV+d1ZwJYy11VgRqmMd7IA==;
        path=/; Domain=.contentful.com
      - nlbi_673446=Se5DAgokyHNlmMGO6lKYhQAAAABtjW1V9l6V5T9fP5BZ6Ma1; path=/; Domain=.contentful.com
      - visid_incap_673446=rnab9WGiQ++bj1YZ7IgWKyWYI1sAAAAAQUIPAAAAAAClf6Aa/Sxa1L/7Ve473I6v;
        expires=Sat, 15 Jun 2019 07:57:54 GMT; path=/; Domain=.contentful.com
      X-Iinfo:
      - 3-7653526-7653530 NNNN CT(0 0 0) RT(1529059365108 22) q(0 0 0 -1) r(2 2) U5
      X-Cdn:
      - Incapsula
    body:
      encoding: ASCII-8BIT
      string: |
        {
          "sys": {
            "space": {
              "sys": {
                "type": "Link",
                "linkType": "Space",
                "id": "<CONTENTFUL_SPACE_ID>"
              }
            },
            "id": "BZ2hrQK4De4oMOCQ26OUM",
            "type": "Entry",
            "createdAt": "2018-06-15T10:42:44.357Z",
            "updatedAt": "2018-06-15T10:42:45.813Z",
            "environment": {
              "sys": {
                "id": "<CONTENTFUL_ENVIRONMENT>",
                "type": "Link",
                "linkType": "Environment"
              }
            },
            "createdBy": {
              "sys": {
                "type": "Link",
                "linkType": "User",
                "id": "0YPGZGiUm0o1pdmXHCjf2S"
              }
            },
            "updatedBy": {
              "sys": {
                "type": "Link",
                "linkType": "User",
                "id": "0YPGZGiUm0o1pdmXHCjf2S"
              }
            },
            "publishedCounter": 1,
            "version": 4,
            "firstPublishedAt": "2018-06-15T10:42:45.013Z",
            "contentType": {
              "sys": {
                "type": "Link",
                "linkType": "ContentType",
                "id": "blogPost"
              }
            }
          },
          "fields": {
            "title": {
              "en-GB": "example-blog-post"
            },
            "subheading": {
              "en-GB": "subheading"
            },
            "author": {
              "en-GB": {
                "sys": {
                  "type": "Link",
                  "linkType": "Entry",
                  "id": "1pbXfh8hSIGuAY4M4AQAAe"
                }
              }
            },
            "date": {
              "en-GB": "2018-06-15T00:00:00.000+00:00"
            },
            "slug": {
              "en-GB": "example-blog-post"
            },
            "body": {
              "en-GB": "Some Text"
            }
          }
        }
    http_version: 
  recorded_at: Fri, 15 Jun 2018 10:42:46 GMT
recorded_with: VCR 4.0.0
