---
http_interactions:
- request:
    method: get
    uri: https://api.contentful.com/spaces/<CONTENTFUL_SPACE_ID>/environments/<CONTENTFUL_ENVIRONMENT>/content_types/teamMember
    body:
      encoding: US-ASCII
      string: ''
    headers:
      X-Contentful-User-Agent:
      - sdk contentful-management.rb/2.2.0; integration contentful_model/1.0.0; platform
        ruby/2.5.0; os macOS/17;
      Authorization:
      - Bearer <CONTENTFUL_MANAGEMENT_API_KEY>
      Content-Type:
      - application/vnd.contentful.management.v1+json
      Connection:
      - close
      Host:
      - api.contentful.com
      User-Agent:
      - http.rb/2.2.2
  response:
    status:
      code: 200
      message: OK
    headers:
      Access-Control-Allow-Headers:
      - Accept,Accept-Language,Authorization,Cache-Control,Content-Length,Content-Range,Content-Type,DNT,Destination,Expires,If-Match,If-Modified-Since,If-None-Match,Keep-Alive,Last-Modified,Origin,Pragma,Range,User-Agent,X-Http-Method-Override,X-Mx-ReqToken,X-Requested-With,X-Contentful-Version,X-Contentful-Content-Type,X-Contentful-Organization,X-Contentful-Skip-Transformation,X-Contentful-User-Agent,X-Contentful-Enable-Alpha-Feature
      Access-Control-Allow-Methods:
      - DELETE,GET,HEAD,POST,PUT,OPTIONS
      Access-Control-Allow-Origin:
      - "*"
      Access-Control-Expose-Headers:
      - Etag
      Access-Control-Max-Age:
      - '1728000'
      Cf-Space-Id:
      - "<CONTENTFUL_SPACE_ID>"
      Content-Type:
      - application/vnd.contentful.management.v1+json
      Contentful-Api:
      - cma
      Date:
      - Fri, 15 Jun 2018 10:42:20 GMT
      Etag:
      - '"dbc5bd92071261f9517d5fbbee1e3320"'
      Server:
      - Contentful
      Strict-Transport-Security:
      - max-age=15768000
      X-Content-Type-Options:
      - nosniff
      X-Contentful-Ratelimit-Hour-Limit:
      - '36000'
      X-Contentful-Ratelimit-Hour-Remaining:
      - '35641'
      X-Contentful-Ratelimit-Reset:
      - '0'
      X-Contentful-Ratelimit-Second-Limit:
      - '10'
      X-Contentful-Ratelimit-Second-Remaining:
      - '9'
      X-Contentful-Request-Id:
      - 7328c775d862a1c8bcac1ed0751b0b56
      Content-Length:
      - '2229'
      Connection:
      - Close
      Set-Cookie:
      - incap_ses_801_673446=Yuc8IbqB6zbBmhq0nrkdCwuYI1sAAAAAv3L4gAZ+ineBoNRIeZegWA==;
        path=/; Domain=.contentful.com
      - nlbi_673446=jq53B+7x6GKC3SC06lKYhQAAAACAfC2TffzDwW0SvJzBkqme; path=/; Domain=.contentful.com
      - visid_incap_673446=Um7CZvVgSyeSrGle6VNLLwuYI1sAAAAAQUIPAAAAAADa055Tb6TTogHYPu62Euzr;
        expires=Sat, 15 Jun 2019 07:58:04 GMT; path=/; Domain=.contentful.com
      X-Iinfo:
      - 5-15939025-15939031 NNNN CT(90 91 0) RT(1529059339569 24) q(0 0 2 -1) r(4
        4) U5
      X-Cdn:
      - Incapsula
    body:
      encoding: ASCII-8BIT
      string: |
        {
          "sys": {
            "space": {
              "sys": {
                "type": "Link",
                "linkType": "Space",
                "id": "<CONTENTFUL_SPACE_ID>"
              }
            },
            "id": "teamMember",
            "type": "ContentType",
            "createdAt": "2018-06-08T10:39:34.719Z",
            "updatedAt": "2018-06-08T11:25:58.987Z",
            "environment": {
              "sys": {
                "id": "<CONTENTFUL_ENVIRONMENT>",
                "type": "Link",
                "linkType": "Environment"
              }
            },
            "createdBy": {
              "sys": {
                "type": "Link",
                "linkType": "User",
                "id": "0YPGZGiUm0o1pdmXHCjf2S"
              }
            },
            "updatedBy": {
              "sys": {
                "type": "Link",
                "linkType": "User",
                "id": "0YPGZGiUm0o1pdmXHCjf2S"
              }
            },
            "publishedCounter": 3,
            "version": 6,
            "publishedBy": {
              "sys": {
                "type": "Link",
                "linkType": "User",
                "id": "0YPGZGiUm0o1pdmXHCjf2S"
              }
            },
            "publishedVersion": 5,
            "firstPublishedAt": "2018-06-08T10:39:35.249Z",
            "publishedAt": "2018-06-08T11:25:58.987Z"
          },
          "displayField": "name",
          "name": "Team Member",
          "description": "",
          "fields": [
            {
              "id": "name",
              "name": "Name",
              "type": "Symbol",
              "localized": false,
              "required": false,
              "validations": [],
              "disabled": false,
              "omitted": false
            },
            {
              "id": "slug",
              "name": "Slug",
              "type": "Symbol",
              "localized": false,
              "required": false,
              "validations": [],
              "disabled": true,
              "omitted": false
            },
            {
              "id": "role",
              "name": "Role",
              "type": "Symbol",
              "localized": false,
              "required": false,
              "validations": [],
              "disabled": false,
              "omitted": false
            },
            {
              "id": "photo",
              "name": "Photo",
              "type": "Link",
              "localized": false,
              "required": false,
              "validations": [
                {
                  "linkMimetypeGroup": [
                    "image"
                  ]
                }
              ],
              "disabled": false,
              "omitted": false,
              "linkType": "Asset"
            },
            {
              "id": "bio",
              "name": "Bio",
              "type": "Text",
              "localized": false,
              "required": false,
              "validations": [],
              "disabled": false,
              "omitted": false
            }
          ]
        }
    http_version: 
  recorded_at: Fri, 15 Jun 2018 10:42:20 GMT
- request:
    method: post
    uri: https://api.contentful.com/spaces/<CONTENTFUL_SPACE_ID>/environments/<CONTENTFUL_ENVIRONMENT>/entries
    body:
      encoding: UTF-8
      string: '{"fields":{"name":{"en-GB":"Person"},"slug":{"en-GB":"person"}}}'
    headers:
      X-Contentful-User-Agent:
      - sdk contentful-management.rb/2.2.0; integration contentful_model/1.0.0; platform
        ruby/2.5.0; os macOS/17;
      Authorization:
      - Bearer <CONTENTFUL_MANAGEMENT_API_KEY>
      Content-Type:
      - application/vnd.contentful.management.v1+json
      X-Contentful-Content-Type:
      - teamMember
      Content-Type-Id:
      - teamMember
      Connection:
      - close
      Host:
      - api.contentful.com
      User-Agent:
      - http.rb/2.2.2
  response:
    status:
      code: 201
      message: Created
    headers:
      Access-Control-Allow-Headers:
      - Accept,Accept-Language,Authorization,Cache-Control,Content-Length,Content-Range,Content-Type,DNT,Destination,Expires,If-Match,If-Modified-Since,If-None-Match,Keep-Alive,Last-Modified,Origin,Pragma,Range,User-Agent,X-Http-Method-Override,X-Mx-ReqToken,X-Requested-With,X-Contentful-Version,X-Contentful-Content-Type,X-Contentful-Organization,X-Contentful-Skip-Transformation,X-Contentful-User-Agent,X-Contentful-Enable-Alpha-Feature
      Access-Control-Allow-Methods:
      - DELETE,GET,HEAD,POST,PUT,OPTIONS
      Access-Control-Allow-Origin:
      - "*"
      Access-Control-Expose-Headers:
      - Etag
      Access-Control-Max-Age:
      - '1728000'
      Cf-Space-Id:
      - "<CONTENTFUL_SPACE_ID>"
      Content-Type:
      - application/vnd.contentful.management.v1+json
      Contentful-Api:
      - cma
      Date:
      - Fri, 15 Jun 2018 10:42:20 GMT
      Etag:
      - '"033d2530e89aeb9538a72a0341d77e72"'
      Server:
      - Contentful
      Strict-Transport-Security:
      - max-age=15768000
      X-Content-Type-Options:
      - nosniff
      X-Contentful-Ratelimit-Hour-Limit:
      - '36000'
      X-Contentful-Ratelimit-Hour-Remaining:
      - '35640'
      X-Contentful-Ratelimit-Reset:
      - '0'
      X-Contentful-Ratelimit-Second-Limit:
      - '10'
      X-Contentful-Ratelimit-Second-Remaining:
      - '8'
      X-Contentful-Request-Id:
      - 61d7710b8b95bb8bf908c9652b8447ec
      Content-Length:
      - '966'
      Connection:
      - Close
      Set-Cookie:
      - incap_ses_801_673446=JHecez4Z3mT9mhq0nrkdCwyYI1sAAAAA/CYiovNMBJBrxiwHNWU7Fw==;
        path=/; Domain=.contentful.com
      - nlbi_673446=R11uHu4feV/lcuGy6lKYhQAAAADfQoWzB5viIvb++BBiRIDm; path=/; Domain=.contentful.com
      - visid_incap_673446=vtGqTT3HRUG+7BmyC72HRgyYI1sAAAAAQUIPAAAAAADvfAfsHnOFFWLMSN19oXH/;
        expires=Sat, 15 Jun 2019 07:58:04 GMT; path=/; Domain=.contentful.com
      X-Iinfo:
      - 11-14309545-14309553 NNNN CT(0 0 0) RT(1529059340026 24) q(0 0 0 -1) r(2 2)
        U5
      X-Cdn:
      - Incapsula
    body:
      encoding: ASCII-8BIT
      string: |
        {
          "sys": {
            "space": {
              "sys": {
                "type": "Link",
                "linkType": "Space",
                "id": "<CONTENTFUL_SPACE_ID>"
              }
            },
            "id": "4b4slNP17iUC0ooMUA2mMc",
            "type": "Entry",
            "createdAt": "2018-06-15T10:42:20.718Z",
            "updatedAt": "2018-06-15T10:42:20.718Z",
            "environment": {
              "sys": {
                "id": "<CONTENTFUL_ENVIRONMENT>",
                "type": "Link",
                "linkType": "Environment"
              }
            },
            "createdBy": {
              "sys": {
                "type": "Link",
                "linkType": "User",
                "id": "0YPGZGiUm0o1pdmXHCjf2S"
              }
            },
            "updatedBy": {
              "sys": {
                "type": "Link",
                "linkType": "User",
                "id": "0YPGZGiUm0o1pdmXHCjf2S"
              }
            },
            "version": 1,
            "contentType": {
              "sys": {
                "type": "Link",
                "linkType": "ContentType",
                "id": "teamMember"
              }
            }
          },
          "fields": {
            "name": {
              "en-GB": "Person"
            },
            "slug": {
              "en-GB": "person"
            }
          }
        }
    http_version: 
  recorded_at: Fri, 15 Jun 2018 10:42:20 GMT
- request:
    method: put
    uri: https://api.contentful.com/spaces/<CONTENTFUL_SPACE_ID>/environments/<CONTENTFUL_ENVIRONMENT>/entries/4b4slNP17iUC0ooMUA2mMc
    body:
      encoding: UTF-8
      string: '{"fields":{"name":{"en-GB":"Person"},"slug":{"en-GB":"person"}}}'
    headers:
      X-Contentful-User-Agent:
      - sdk contentful-management.rb/2.2.0; integration contentful_model/1.0.0; platform
        ruby/2.5.0; os macOS/17;
      Authorization:
      - Bearer <CONTENTFUL_MANAGEMENT_API_KEY>
      Content-Type:
      - application/vnd.contentful.management.v1+json
      X-Contentful-Version:
      - '1'
      Version:
      - '1'
      Connection:
      - close
      Host:
      - api.contentful.com
      User-Agent:
      - http.rb/2.2.2
  response:
    status:
      code: 200
      message: OK
    headers:
      Access-Control-Allow-Headers:
      - Accept,Accept-Language,Authorization,Cache-Control,Content-Length,Content-Range,Content-Type,DNT,Destination,Expires,If-Match,If-Modified-Since,If-None-Match,Keep-Alive,Last-Modified,Origin,Pragma,Range,User-Agent,X-Http-Method-Override,X-Mx-ReqToken,X-Requested-With,X-Contentful-Version,X-Contentful-Content-Type,X-Contentful-Organization,X-Contentful-Skip-Transformation,X-Contentful-User-Agent,X-Contentful-Enable-Alpha-Feature
      Access-Control-Allow-Methods:
      - DELETE,GET,HEAD,POST,PUT,OPTIONS
      Access-Control-Allow-Origin:
      - "*"
      Access-Control-Expose-Headers:
      - Etag
      Access-Control-Max-Age:
      - '1728000'
      Cf-Space-Id:
      - "<CONTENTFUL_SPACE_ID>"
      Content-Type:
      - application/vnd.contentful.management.v1+json
      Contentful-Api:
      - cma
      Date:
      - Fri, 15 Jun 2018 10:42:21 GMT
      Etag:
      - '"b0855cb29d2ef234879d8b5b81d3ab2e"'
      Server:
      - Contentful
      Strict-Transport-Security:
      - max-age=15768000
      X-Content-Type-Options:
      - nosniff
      X-Contentful-Ratelimit-Hour-Limit:
      - '36000'
      X-Contentful-Ratelimit-Hour-Remaining:
      - '35639'
      X-Contentful-Ratelimit-Reset:
      - '0'
      X-Contentful-Ratelimit-Second-Limit:
      - '10'
      X-Contentful-Ratelimit-Second-Remaining:
      - '7'
      X-Contentful-Request-Id:
      - b9b948c1be7e00dffae3927889f6adcb
      Content-Length:
      - '966'
      Connection:
      - Close
      Set-Cookie:
      - incap_ses_801_673446=lNcsWdCOMEAomxq0nrkdCwyYI1sAAAAAmlGu0WQnsztHKClzWxIbig==;
        path=/; Domain=.contentful.com
      - nlbi_673446=CM9/N7/j5wUuHQoA6lKYhQAAAAB5c3ExWOSLWde1nU0YKbMw; path=/; Domain=.contentful.com
      - visid_incap_673446=y6l6GFmxRwm1HV87semyPAyYI1sAAAAAQUIPAAAAAAD3UnStipwnOl6+AYsfmq7+;
        expires=Sat, 15 Jun 2019 07:58:04 GMT; path=/; Domain=.contentful.com
      X-Iinfo:
      - 4-10680712-10680715 NNNN CT(0 0 0) RT(1529059340328 25) q(0 0 0 -1) r(1 1)
        U5
      X-Cdn:
      - Incapsula
    body:
      encoding: ASCII-8BIT
      string: |
        {
          "sys": {
            "space": {
              "sys": {
                "type": "Link",
                "linkType": "Space",
                "id": "<CONTENTFUL_SPACE_ID>"
              }
            },
            "id": "4b4slNP17iUC0ooMUA2mMc",
            "type": "Entry",
            "createdAt": "2018-06-15T10:42:20.718Z",
            "updatedAt": "2018-06-15T10:42:21.036Z",
            "environment": {
              "sys": {
                "id": "<CONTENTFUL_ENVIRONMENT>",
                "type": "Link",
                "linkType": "Environment"
              }
            },
            "createdBy": {
              "sys": {
                "type": "Link",
                "linkType": "User",
                "id": "0YPGZGiUm0o1pdmXHCjf2S"
              }
            },
            "updatedBy": {
              "sys": {
                "type": "Link",
                "linkType": "User",
                "id": "0YPGZGiUm0o1pdmXHCjf2S"
              }
            },
            "version": 2,
            "contentType": {
              "sys": {
                "type": "Link",
                "linkType": "ContentType",
                "id": "teamMember"
              }
            }
          },
          "fields": {
            "name": {
              "en-GB": "Person"
            },
            "slug": {
              "en-GB": "person"
            }
          }
        }
    http_version: 
  recorded_at: Fri, 15 Jun 2018 10:42:21 GMT
- request:
    method: put
    uri: https://api.contentful.com/spaces/<CONTENTFUL_SPACE_ID>/environments/<CONTENTFUL_ENVIRONMENT>/entries/4b4slNP17iUC0ooMUA2mMc/published
    body:
      encoding: US-ASCII
      string: ''
    headers:
      X-Contentful-User-Agent:
      - sdk contentful-management.rb/2.2.0; integration contentful_model/1.0.0; platform
        ruby/2.5.0; os macOS/17;
      Authorization:
      - Bearer <CONTENTFUL_MANAGEMENT_API_KEY>
      Content-Type:
      - application/vnd.contentful.management.v1+json
      X-Contentful-Version:
      - '2'
      Version:
      - '2'
      Connection:
      - close
      Host:
      - api.contentful.com
      User-Agent:
      - http.rb/2.2.2
  response:
    status:
      code: 200
      message: OK
    headers:
      Access-Control-Allow-Headers:
      - Accept,Accept-Language,Authorization,Cache-Control,Content-Length,Content-Range,Content-Type,DNT,Destination,Expires,If-Match,If-Modified-Since,If-None-Match,Keep-Alive,Last-Modified,Origin,Pragma,Range,User-Agent,X-Http-Method-Override,X-Mx-ReqToken,X-Requested-With,X-Contentful-Version,X-Contentful-Content-Type,X-Contentful-Organization,X-Contentful-Skip-Transformation,X-Contentful-User-Agent,X-Contentful-Enable-Alpha-Feature
      Access-Control-Allow-Methods:
      - DELETE,GET,HEAD,POST,PUT,OPTIONS
      Access-Control-Allow-Origin:
      - "*"
      Access-Control-Expose-Headers:
      - Etag
      Access-Control-Max-Age:
      - '1728000'
      Cf-Space-Id:
      - "<CONTENTFUL_SPACE_ID>"
      Content-Type:
      - application/vnd.contentful.management.v1+json
      Contentful-Api:
      - cma
      Date:
      - Fri, 15 Jun 2018 10:42:21 GMT
      Etag:
      - '"846a22591aa2c3783c9cf11f8837be6b"'
      Server:
      - Contentful
      Strict-Transport-Security:
      - max-age=15768000
      X-Content-Type-Options:
      - nosniff
      X-Contentful-Ratelimit-Hour-Limit:
      - '36000'
      X-Contentful-Ratelimit-Hour-Remaining:
      - '35638'
      X-Contentful-Ratelimit-Reset:
      - '0'
      X-Contentful-Ratelimit-Second-Limit:
      - '10'
      X-Contentful-Ratelimit-Second-Remaining:
      - '9'
      X-Contentful-Request-Id:
      - bd1a26dd80ab79f92c8fb3e6929c9985
      Content-Length:
      - '1261'
      Connection:
      - Close
      Set-Cookie:
      - incap_ses_801_673446=Qgt9MAlJ7jNgmxq0nrkdCwyYI1sAAAAA/m2urltDfIoyab+FHlrjGg==;
        path=/; Domain=.contentful.com
      - nlbi_673446=lWSVSwovSSDEE+p06lKYhQAAAADkUo+mF8zXhuEas7VDs9HE; path=/; Domain=.contentful.com
      - visid_incap_673446=2QzvWwq4Sg+0FWWyGivevwyYI1sAAAAAQUIPAAAAAAAMDhiFvx+TMarO6W5zJ9Y0;
        expires=Sat, 15 Jun 2019 07:58:04 GMT; path=/; Domain=.contentful.com
      X-Iinfo:
      - 12-20763563-20763570 NNNN CT(0 0 0) RT(1529059340539 24) q(0 0 0 -1) r(3 3)
        U5
      X-Cdn:
      - Incapsula
    body:
      encoding: ASCII-8BIT
      string: |
        {
          "sys": {
            "space": {
              "sys": {
                "type": "Link",
                "linkType": "Space",
                "id": "<CONTENTFUL_SPACE_ID>"
              }
            },
            "id": "4b4slNP17iUC0ooMUA2mMc",
            "type": "Entry",
            "createdAt": "2018-06-15T10:42:20.718Z",
            "updatedAt": "2018-06-15T10:42:21.227Z",
            "environment": {
              "sys": {
                "id": "<CONTENTFUL_ENVIRONMENT>",
                "type": "Link",
                "linkType": "Environment"
              }
            },
            "createdBy": {
              "sys": {
                "type": "Link",
                "linkType": "User",
                "id": "0YPGZGiUm0o1pdmXHCjf2S"
              }
            },
            "updatedBy": {
              "sys": {
                "type": "Link",
                "linkType": "User",
                "id": "0YPGZGiUm0o1pdmXHCjf2S"
              }
            },
            "publishedCounter": 1,
            "version": 3,
            "publishedBy": {
              "sys": {
                "type": "Link",
                "linkType": "User",
                "id": "0YPGZGiUm0o1pdmXHCjf2S"
              }
            },
            "publishedVersion": 2,
            "firstPublishedAt": "2018-06-15T10:42:21.227Z",
            "publishedAt": "2018-06-15T10:42:21.227Z",
            "contentType": {
              "sys": {
                "type": "Link",
                "linkType": "ContentType",
                "id": "teamMember"
              }
            }
          },
          "fields": {
            "name": {
              "en-GB": "Person"
            },
            "slug": {
              "en-GB": "person"
            }
          }
        }
    http_version: 
  recorded_at: Fri, 15 Jun 2018 10:42:21 GMT
- request:
    method: get
    uri: https://api.contentful.com/spaces/<CONTENTFUL_SPACE_ID>/environments/<CONTENTFUL_ENVIRONMENT>/content_types/blogPost
    body:
      encoding: US-ASCII
      string: ''
    headers:
      X-Contentful-User-Agent:
      - sdk contentful-management.rb/2.2.0; integration contentful_model/1.0.0; platform
        ruby/2.5.0; os macOS/17;
      Authorization:
      - Bearer <CONTENTFUL_MANAGEMENT_API_KEY>
      Content-Type:
      - application/vnd.contentful.management.v1+json
      Connection:
      - close
      Host:
      - api.contentful.com
      User-Agent:
      - http.rb/2.2.2
  response:
    status:
      code: 200
      message: OK
    headers:
      Access-Control-Allow-Headers:
      - Accept,Accept-Language,Authorization,Cache-Control,Content-Length,Content-Range,Content-Type,DNT,Destination,Expires,If-Match,If-Modified-Since,If-None-Match,Keep-Alive,Last-Modified,Origin,Pragma,Range,User-Agent,X-Http-Method-Override,X-Mx-ReqToken,X-Requested-With,X-Contentful-Version,X-Contentful-Content-Type,X-Contentful-Organization,X-Contentful-Skip-Transformation,X-Contentful-User-Agent,X-Contentful-Enable-Alpha-Feature
      Access-Control-Allow-Methods:
      - DELETE,GET,HEAD,POST,PUT,OPTIONS
      Access-Control-Allow-Origin:
      - "*"
      Access-Control-Expose-Headers:
      - Etag
      Access-Control-Max-Age:
      - '1728000'
      Cf-Space-Id:
      - "<CONTENTFUL_SPACE_ID>"
      Content-Type:
      - application/vnd.contentful.management.v1+json
      Contentful-Api:
      - cma
      Date:
      - Fri, 15 Jun 2018 10:42:21 GMT
      Etag:
      - '"8e0f70d164e86891e0f7a1436b0de75f"'
      Server:
      - Contentful
      Strict-Transport-Security:
      - max-age=15768000
      X-Content-Type-Options:
      - nosniff
      X-Contentful-Ratelimit-Hour-Limit:
      - '36000'
      X-Contentful-Ratelimit-Hour-Remaining:
      - '35637'
      X-Contentful-Ratelimit-Reset:
      - '0'
      X-Contentful-Ratelimit-Second-Limit:
      - '10'
      X-Contentful-Ratelimit-Second-Remaining:
      - '8'
      X-Contentful-Request-Id:
      - 8de409afbcfe97ce85ad36d46b099da0
      Content-Length:
      - '2479'
      Connection:
      - Close
      Set-Cookie:
      - incap_ses_801_673446=5R4cD7cACECgmxq0nrkdCw2YI1sAAAAAOz2GNh9Ydo9wApUfnrmv7Q==;
        path=/; Domain=.contentful.com
      - nlbi_673446=PDYzNvJ8Y1nfatHA6lKYhQAAAAC1ZSj8GiyG6UfNvP43gvmi; path=/; Domain=.contentful.com
      - visid_incap_673446=GMWfX+YYSBGB57zXXPRvyQ2YI1sAAAAAQUIPAAAAAACecFVXs0W5RV7zme2Ed5oH;
        expires=Sat, 15 Jun 2019 07:58:04 GMT; path=/; Domain=.contentful.com
      X-Iinfo:
      - 14-34058683-34058694 NNNN CT(72 73 0) RT(1529059340878 24) q(0 0 1 -1) r(2
        2) U5
      X-Cdn:
      - Incapsula
    body:
      encoding: ASCII-8BIT
      string: |
        {
          "sys": {
            "space": {
              "sys": {
                "type": "Link",
                "linkType": "Space",
                "id": "<CONTENTFUL_SPACE_ID>"
              }
            },
            "id": "blogPost",
            "type": "ContentType",
            "createdAt": "2018-05-31T08:54:43.431Z",
            "updatedAt": "2018-06-08T11:23:11.748Z",
            "environment": {
              "sys": {
                "id": "<CONTENTFUL_ENVIRONMENT>",
                "type": "Link",
                "linkType": "Environment"
              }
            },
            "createdBy": {
              "sys": {
                "type": "Link",
                "linkType": "User",
                "id": "0YPGZGiUm0o1pdmXHCjf2S"
              }
            },
            "updatedBy": {
              "sys": {
                "type": "Link",
                "linkType": "User",
                "id": "0YPGZGiUm0o1pdmXHCjf2S"
              }
            },
            "publishedCounter": 8,
            "version": 16,
            "publishedBy": {
              "sys": {
                "type": "Link",
                "linkType": "User",
                "id": "0YPGZGiUm0o1pdmXHCjf2S"
              }
            },
            "publishedVersion": 15,
            "firstPublishedAt": "2018-05-31T08:54:45.079Z",
            "publishedAt": "2018-06-08T11:23:11.748Z"
          },
          "displayField": "title",
          "name": "Blog Post",
          "description": null,
          "fields": [
            {
              "id": "title",
              "name": "Title",
              "type": "Symbol",
              "localized": false,
              "required": false,
              "validations": [],
              "disabled": false,
              "omitted": false
            },
            {
              "id": "subheading",
              "name": "Subheading",
              "type": "Symbol",
              "localized": false,
              "required": false,
              "validations": [],
              "disabled": false,
              "omitted": false
            },
            {
              "id": "author",
              "name": "Author",
              "type": "Link",
              "localized": false,
              "required": false,
              "validations": [
                {
                  "linkContentType": [
                    "boardMember",
                    "teamMember"
                  ]
                }
              ],
              "disabled": false,
              "omitted": false,
              "linkType": "Entry"
            },
            {
              "id": "date",
              "name": "Date",
              "type": "Date",
              "localized": false,
              "required": false,
              "validations": [],
              "disabled": false,
              "omitted": false
            },
            {
              "id": "slug",
              "name": "Slug",
              "type": "Symbol",
              "localized": false,
              "required": false,
              "validations": [],
              "disabled": true,
              "omitted": false
            },
            {
              "id": "body",
              "name": "Body",
              "type": "Text",
              "localized": false,
              "required": false,
              "validations": [],
              "disabled": false,
              "omitted": false
            }
          ]
        }
    http_version: 
  recorded_at: Fri, 15 Jun 2018 10:42:21 GMT
- request:
    method: post
    uri: https://api.contentful.com/spaces/<CONTENTFUL_SPACE_ID>/environments/<CONTENTFUL_ENVIRONMENT>/entries
    body:
      encoding: UTF-8
      string: '{"fields":{"title":{"en-GB":"example-blog-post"},"subheading":{"en-GB":"subheading"},"date":{"en-GB":"2018-06-15"},"slug":{"en-GB":"example-blog-post"},"body":{"en-GB":"Some
        Text"},"author":{"en-GB":{"sys":{"type":"Link","linkType":"Entry","id":"4b4slNP17iUC0ooMUA2mMc"}}}}}'
    headers:
      X-Contentful-User-Agent:
      - sdk contentful-management.rb/2.2.0; integration contentful_model/1.0.0; platform
        ruby/2.5.0; os macOS/17;
      Authorization:
      - Bearer <CONTENTFUL_MANAGEMENT_API_KEY>
      Content-Type:
      - application/vnd.contentful.management.v1+json
      X-Contentful-Content-Type:
      - blogPost
      Content-Type-Id:
      - blogPost
      Connection:
      - close
      Host:
      - api.contentful.com
      User-Agent:
      - http.rb/2.2.2
  response:
    status:
      code: 201
      message: Created
    headers:
      Access-Control-Allow-Headers:
      - Accept,Accept-Language,Authorization,Cache-Control,Content-Length,Content-Range,Content-Type,DNT,Destination,Expires,If-Match,If-Modified-Since,If-None-Match,Keep-Alive,Last-Modified,Origin,Pragma,Range,User-Agent,X-Http-Method-Override,X-Mx-ReqToken,X-Requested-With,X-Contentful-Version,X-Contentful-Content-Type,X-Contentful-Organization,X-Contentful-Skip-Transformation,X-Contentful-User-Agent,X-Contentful-Enable-Alpha-Feature
      Access-Control-Allow-Methods:
      - DELETE,GET,HEAD,POST,PUT,OPTIONS
      Access-Control-Allow-Origin:
      - "*"
      Access-Control-Expose-Headers:
      - Etag
      Access-Control-Max-Age:
      - '1728000'
      Cf-Space-Id:
      - "<CONTENTFUL_SPACE_ID>"
      Content-Type:
      - application/vnd.contentful.management.v1+json
      Contentful-Api:
      - cma
      Date:
      - Fri, 15 Jun 2018 10:42:22 GMT
      Etag:
      - '"6ea6184f0aaa6498b50cf782eeff7afe"'
      Server:
      - Contentful
      Strict-Transport-Security:
      - max-age=15768000
      X-Content-Type-Options:
      - nosniff
      X-Contentful-Ratelimit-Hour-Limit:
      - '36000'
      X-Contentful-Ratelimit-Hour-Remaining:
      - '35636'
      X-Contentful-Ratelimit-Reset:
      - '0'
      X-Contentful-Ratelimit-Second-Limit:
      - '10'
      X-Contentful-Ratelimit-Second-Remaining:
      - '7'
      X-Contentful-Request-Id:
      - d927f3f2875dc54bc1290787d9bc5485
      Content-Length:
      - '1312'
      Connection:
      - Close
      Set-Cookie:
      - incap_ses_801_673446=WOS1HM1VNQL5mxq0nrkdCw2YI1sAAAAAQ2DuYEGKr2iAJEcLGqPBEA==;
        path=/; Domain=.contentful.com
      - nlbi_673446=iMt6XtwcEH39UYS86lKYhQAAAABKJQmu6u0cIIhLNKMytK/m; path=/; Domain=.contentful.com
      - visid_incap_673446=iLrtmwcsTbKXNDHaQFJR4w2YI1sAAAAAQUIPAAAAAABWCtPXb3R4sx3n8MGCpOxY;
        expires=Sat, 15 Jun 2019 07:58:04 GMT; path=/; Domain=.contentful.com
      X-Iinfo:
      - 11-14309717-14309719 NNNN CT(0 0 0) RT(1529059341185 26) q(0 0 0 -1) r(3 3)
        U5
      X-Cdn:
      - Incapsula
    body:
      encoding: ASCII-8BIT
      string: |
        {
          "sys": {
            "space": {
              "sys": {
                "type": "Link",
                "linkType": "Space",
                "id": "<CONTENTFUL_SPACE_ID>"
              }
            },
            "id": "4OwZ8RZfbOWGsgSImaCWcq",
            "type": "Entry",
            "createdAt": "2018-06-15T10:42:21.934Z",
            "updatedAt": "2018-06-15T10:42:21.934Z",
            "environment": {
              "sys": {
                "id": "<CONTENTFUL_ENVIRONMENT>",
                "type": "Link",
                "linkType": "Environment"
              }
            },
            "createdBy": {
              "sys": {
                "type": "Link",
                "linkType": "User",
                "id": "0YPGZGiUm0o1pdmXHCjf2S"
              }
            },
            "updatedBy": {
              "sys": {
                "type": "Link",
                "linkType": "User",
                "id": "0YPGZGiUm0o1pdmXHCjf2S"
              }
            },
            "version": 1,
            "contentType": {
              "sys": {
                "type": "Link",
                "linkType": "ContentType",
                "id": "blogPost"
              }
            }
          },
          "fields": {
            "title": {
              "en-GB": "example-blog-post"
            },
            "subheading": {
              "en-GB": "subheading"
            },
            "author": {
              "en-GB": {
                "sys": {
                  "type": "Link",
                  "linkType": "Entry",
                  "id": "4b4slNP17iUC0ooMUA2mMc"
                }
              }
            },
            "date": {
              "en-GB": "2018-06-15"
            },
            "slug": {
              "en-GB": "example-blog-post"
            },
            "body": {
              "en-GB": "Some Text"
            }
          }
        }
    http_version: 
  recorded_at: Fri, 15 Jun 2018 10:42:22 GMT
- request:
    method: put
    uri: https://api.contentful.com/spaces/<CONTENTFUL_SPACE_ID>/environments/<CONTENTFUL_ENVIRONMENT>/entries/4OwZ8RZfbOWGsgSImaCWcq
    body:
      encoding: UTF-8
      string: '{"fields":{"title":{"en-GB":"example-blog-post"},"subheading":{"en-GB":"subheading"},"author":{"en-GB":{"sys":{"type":"Link","linkType":"Entry","id":"4b4slNP17iUC0ooMUA2mMc"}}},"date":{"en-GB":"2018-06-15T00:00:00.000+00:00"},"slug":{"en-GB":"example-blog-post"},"body":{"en-GB":"Some
        Text"}}}'
    headers:
      X-Contentful-User-Agent:
      - sdk contentful-management.rb/2.2.0; integration contentful_model/1.0.0; platform
        ruby/2.5.0; os macOS/17;
      Authorization:
      - Bearer <CONTENTFUL_MANAGEMENT_API_KEY>
      Content-Type:
      - application/vnd.contentful.management.v1+json
      X-Contentful-Version:
      - '1'
      Version:
      - '1'
      Connection:
      - close
      Host:
      - api.contentful.com
      User-Agent:
      - http.rb/2.2.2
  response:
    status:
      code: 200
      message: OK
    headers:
      Access-Control-Allow-Headers:
      - Accept,Accept-Language,Authorization,Cache-Control,Content-Length,Content-Range,Content-Type,DNT,Destination,Expires,If-Match,If-Modified-Since,If-None-Match,Keep-Alive,Last-Modified,Origin,Pragma,Range,User-Agent,X-Http-Method-Override,X-Mx-ReqToken,X-Requested-With,X-Contentful-Version,X-Contentful-Content-Type,X-Contentful-Organization,X-Contentful-Skip-Transformation,X-Contentful-User-Agent,X-Contentful-Enable-Alpha-Feature
      Access-Control-Allow-Methods:
      - DELETE,GET,HEAD,POST,PUT,OPTIONS
      Access-Control-Allow-Origin:
      - "*"
      Access-Control-Expose-Headers:
      - Etag
      Access-Control-Max-Age:
      - '1728000'
      Cf-Space-Id:
      - "<CONTENTFUL_SPACE_ID>"
      Content-Type:
      - application/vnd.contentful.management.v1+json
      Contentful-Api:
      - cma
      Date:
      - Fri, 15 Jun 2018 10:42:22 GMT
      Etag:
      - '"aa50eb66eb27694c8b72db66247cd3bb"'
      Server:
      - Contentful
      Strict-Transport-Security:
      - max-age=15768000
      X-Content-Type-Options:
      - nosniff
      X-Contentful-Ratelimit-Hour-Limit:
      - '36000'
      X-Contentful-Ratelimit-Hour-Remaining:
      - '35635'
      X-Contentful-Ratelimit-Reset:
      - '0'
      X-Contentful-Ratelimit-Second-Limit:
      - '10'
      X-Contentful-Ratelimit-Second-Remaining:
      - '9'
      X-Contentful-Request-Id:
      - 676bb1e690c12a9c9cd48475aeaa1eb6
      Content-Length:
      - '1331'
      Connection:
      - Close
      Set-Cookie:
      - incap_ses_801_673446=k4wpHVt2aToenBq0nrkdCw2YI1sAAAAAslzVX1zncJvJugza/o26uQ==;
        path=/; Domain=.contentful.com
      - nlbi_673446=kknQU6aO7E7WbRaB6lKYhQAAAACy/RdAWR/66qGOu7DjPn7M; path=/; Domain=.contentful.com
      - visid_incap_673446=E/3sCct8TkGYHVYCRQxFSw2YI1sAAAAAQUIPAAAAAAC0t+K5YH7xUQa8t9OqFyjH;
        expires=Sat, 15 Jun 2019 07:58:04 GMT; path=/; Domain=.contentful.com
      X-Iinfo:
      - 5-15939313-15939314 NNNN CT(0 0 0) RT(1529059341555 23) q(0 0 0 -1) r(2 2)
        U5
      X-Cdn:
      - Incapsula
    body:
      encoding: ASCII-8BIT
      string: |
        {
          "sys": {
            "space": {
              "sys": {
                "type": "Link",
                "linkType": "Space",
                "id": "<CONTENTFUL_SPACE_ID>"
              }
            },
            "id": "4OwZ8RZfbOWGsgSImaCWcq",
            "type": "Entry",
            "createdAt": "2018-06-15T10:42:21.934Z",
            "updatedAt": "2018-06-15T10:42:22.285Z",
            "environment": {
              "sys": {
                "id": "<CONTENTFUL_ENVIRONMENT>",
                "type": "Link",
                "linkType": "Environment"
              }
            },
            "createdBy": {
              "sys": {
                "type": "Link",
                "linkType": "User",
                "id": "0YPGZGiUm0o1pdmXHCjf2S"
              }
            },
            "updatedBy": {
              "sys": {
                "type": "Link",
                "linkType": "User",
                "id": "0YPGZGiUm0o1pdmXHCjf2S"
              }
            },
            "version": 2,
            "contentType": {
              "sys": {
                "type": "Link",
                "linkType": "ContentType",
                "id": "blogPost"
              }
            }
          },
          "fields": {
            "title": {
              "en-GB": "example-blog-post"
            },
            "subheading": {
              "en-GB": "subheading"
            },
            "author": {
              "en-GB": {
                "sys": {
                  "type": "Link",
                  "linkType": "Entry",
                  "id": "4b4slNP17iUC0ooMUA2mMc"
                }
              }
            },
            "date": {
              "en-GB": "2018-06-15T00:00:00.000+00:00"
            },
            "slug": {
              "en-GB": "example-blog-post"
            },
            "body": {
              "en-GB": "Some Text"
            }
          }
        }
    http_version: 
  recorded_at: Fri, 15 Jun 2018 10:42:22 GMT
- request:
    method: put
    uri: https://api.contentful.com/spaces/<CONTENTFUL_SPACE_ID>/environments/<CONTENTFUL_ENVIRONMENT>/entries/4OwZ8RZfbOWGsgSImaCWcq/published
    body:
      encoding: US-ASCII
      string: ''
    headers:
      X-Contentful-User-Agent:
      - sdk contentful-management.rb/2.2.0; integration contentful_model/1.0.0; platform
        ruby/2.5.0; os macOS/17;
      Authorization:
      - Bearer <CONTENTFUL_MANAGEMENT_API_KEY>
      Content-Type:
      - application/vnd.contentful.management.v1+json
      X-Contentful-Version:
      - '2'
      Version:
      - '2'
      Connection:
      - close
      Host:
      - api.contentful.com
      User-Agent:
      - http.rb/2.2.2
  response:
    status:
      code: 200
      message: OK
    headers:
      Access-Control-Allow-Headers:
      - Accept,Accept-Language,Authorization,Cache-Control,Content-Length,Content-Range,Content-Type,DNT,Destination,Expires,If-Match,If-Modified-Since,If-None-Match,Keep-Alive,Last-Modified,Origin,Pragma,Range,User-Agent,X-Http-Method-Override,X-Mx-ReqToken,X-Requested-With,X-Contentful-Version,X-Contentful-Content-Type,X-Contentful-Organization,X-Contentful-Skip-Transformation,X-Contentful-User-Agent,X-Contentful-Enable-Alpha-Feature
      Access-Control-Allow-Methods:
      - DELETE,GET,HEAD,POST,PUT,OPTIONS
      Access-Control-Allow-Origin:
      - "*"
      Access-Control-Expose-Headers:
      - Etag
      Access-Control-Max-Age:
      - '1728000'
      Cf-Space-Id:
      - "<CONTENTFUL_SPACE_ID>"
      Content-Type:
      - application/vnd.contentful.management.v1+json
      Contentful-Api:
      - cma
      Date:
      - Fri, 15 Jun 2018 10:42:22 GMT
      Etag:
      - '"bbf20bf1c2189ccbca26e7d49a4ad672"'
      Server:
      - Contentful
      Strict-Transport-Security:
      - max-age=15768000
      X-Content-Type-Options:
      - nosniff
      X-Contentful-Ratelimit-Hour-Limit:
      - '36000'
      X-Contentful-Ratelimit-Hour-Remaining:
      - '35634'
      X-Contentful-Ratelimit-Reset:
      - '0'
      X-Contentful-Ratelimit-Second-Limit:
      - '10'
      X-Contentful-Ratelimit-Second-Remaining:
      - '8'
      X-Contentful-Request-Id:
      - 7d6c783bf201ecf9d1f5dd1fcedcb2ff
      Content-Length:
      - '1626'
      Connection:
      - Close
      Set-Cookie:
      - incap_ses_801_673446=AldjU4AIfhyDnBq0nrkdCw6YI1sAAAAAmHEtasmcncAtBtw6iwiLBg==;
        path=/; Domain=.contentful.com
      - nlbi_673446=p01nEs6WHDOH4Xix6lKYhQAAAAAtAbi7pADcn0AZEaHqx7Mp; path=/; Domain=.contentful.com
      - visid_incap_673446=u8sl672ZS5OHRkES0VRP2w6YI1sAAAAAQUIPAAAAAAAY56Mvrd8jdCZ+IgtVuFyv;
        expires=Sat, 15 Jun 2019 07:58:04 GMT; path=/; Domain=.contentful.com
      X-Iinfo:
      - 12-20763874-20763881 NNNN CT(0 0 0) RT(1529059341859 27) q(0 0 0 -1) r(3 3)
        U5
      X-Cdn:
      - Incapsula
    body:
      encoding: ASCII-8BIT
      string: |
        {
          "sys": {
            "space": {
              "sys": {
                "type": "Link",
                "linkType": "Space",
                "id": "<CONTENTFUL_SPACE_ID>"
              }
            },
            "id": "4OwZ8RZfbOWGsgSImaCWcq",
            "type": "Entry",
            "createdAt": "2018-06-15T10:42:21.934Z",
            "updatedAt": "2018-06-15T10:42:22.582Z",
            "environment": {
              "sys": {
                "id": "<CONTENTFUL_ENVIRONMENT>",
                "type": "Link",
                "linkType": "Environment"
              }
            },
            "createdBy": {
              "sys": {
                "type": "Link",
                "linkType": "User",
                "id": "0YPGZGiUm0o1pdmXHCjf2S"
              }
            },
            "updatedBy": {
              "sys": {
                "type": "Link",
                "linkType": "User",
                "id": "0YPGZGiUm0o1pdmXHCjf2S"
              }
            },
            "publishedCounter": 1,
            "version": 3,
            "publishedBy": {
              "sys": {
                "type": "Link",
                "linkType": "User",
                "id": "0YPGZGiUm0o1pdmXHCjf2S"
              }
            },
            "publishedVersion": 2,
            "firstPublishedAt": "2018-06-15T10:42:22.582Z",
            "publishedAt": "2018-06-15T10:42:22.582Z",
            "contentType": {
              "sys": {
                "type": "Link",
                "linkType": "ContentType",
                "id": "blogPost"
              }
            }
          },
          "fields": {
            "title": {
              "en-GB": "example-blog-post"
            },
            "subheading": {
              "en-GB": "subheading"
            },
            "author": {
              "en-GB": {
                "sys": {
                  "type": "Link",
                  "linkType": "Entry",
                  "id": "4b4slNP17iUC0ooMUA2mMc"
                }
              }
            },
            "date": {
              "en-GB": "2018-06-15T00:00:00.000+00:00"
            },
            "slug": {
              "en-GB": "example-blog-post"
            },
            "body": {
              "en-GB": "Some Text"
            }
          }
        }
    http_version: 
  recorded_at: Fri, 15 Jun 2018 10:42:22 GMT
- request:
    method: get
    uri: https://cdn.contentful.com/spaces/<CONTENTFUL_SPACE_ID>/environments/<CONTENTFUL_ENVIRONMENT>/content_types?limit=1000
    body:
      encoding: US-ASCII
      string: ''
    headers:
      X-Contentful-User-Agent:
      - sdk contentful.rb/2.8.0; integration contentful_model/1.0.0; platform ruby/2.5.0;
        os macOS/17;
      Authorization:
      - Bearer <CONTENTFUL_API_KEY>
      Content-Type:
      - application/vnd.contentful.delivery.v1+json
      Accept-Encoding:
      - gzip
      Connection:
      - close
      Host:
      - cdn.contentful.com
      User-Agent:
      - http.rb/2.2.2
  response:
    status:
      code: 200
      message: OK
    headers:
      Access-Control-Allow-Headers:
      - Accept,Accept-Language,Authorization,Cache-Control,Content-Length,Content-Range,Content-Type,DNT,Destination,Expires,If-Match,If-Modified-Since,If-None-Match,Keep-Alive,Last-Modified,Origin,Pragma,Range,User-Agent,X-Http-Method-Override,X-Mx-ReqToken,X-Requested-With,X-Contentful-Version,X-Contentful-Content-Type,X-Contentful-Organization,X-Contentful-Skip-Transformation,X-Contentful-User-Agent,X-Contentful-Enable-Alpha-Feature
      Access-Control-Allow-Methods:
      - GET,HEAD,OPTIONS
      Access-Control-Allow-Origin:
      - "*"
      Access-Control-Expose-Headers:
      - Etag
      Access-Control-Max-Age:
      - '86400'
      Cache-Control:
      - max-age=0
      Content-Encoding:
      - gzip
      Content-Type:
      - application/vnd.contentful.delivery.v1+json
      Contentful-Api:
      - cda_cached
      Etag:
      - W/"4c9bdade9e3695867f331767cdf7645d"
      Server:
      - Contentful
      X-Content-Type-Options:
      - nosniff
      X-Contentful-Request-Id:
      - 5f21faa5a49d8cafc79601fd38cee45e
      Content-Length:
      - '1002'
      Accept-Ranges:
      - bytes
      Date:
      - Fri, 15 Jun 2018 10:42:23 GMT
      Via:
      - 1.1 varnish
      Age:
      - '0'
      Connection:
      - close
      X-Served-By:
      - cache-lcy19234-LCY
      X-Cache:
      - MISS
      X-Cache-Hits:
      - '0'
      X-Timer:
      - S1529059343.797037,VS0,VE222
      Vary:
      - Accept-Encoding
    body:
      encoding: ASCII-8BIT
      string: !binary |-
        H4sIAAAAAAAAA+1ZS3ObMBC+51d4ODcesMHB3JxHD50+MjGndjIdAYqjGJAr5LRuJv+9kjAYITlh/EiDx0wOllavb7Xab3fzdNLpGNkiM7zOE/vJGnQxg6xljAgBC4P1PX/gYyimIGb9jmhlUzRjDVM0YpQgylqWaeYdiMKEr/hDrJivW9tGbJXNQMj3KkbknZXD8A7RWRzqM0qnBt909bHt06m/PPRYrFgbgCKO5yz7HT2Yd1P8sEAcVvE9l78F0Pwz8jkhThKY0sqC5UkucEqZSGxcmRcSCCiMRlwfRs+03FNzcGpZvuV41sDrO93ecPC9OmE+i/QThp7l8gm2a0oTYPqICE7FuZqoLkdCYVaFwVE2VupVZcdXFUfgI8oQTtnZ+svBpV6NCGWzGCw+IhiLO6nr10hBIozvoqZ4I4JZSNCM5isbpQaNO77Wytg4MMmccvhi3apZlDt9VSSFrY0XSYBjeVaMQxCjv5Cf/g7EGZTWJPDXHBEhpGQuyxh0EMRrJmL2gJjVFIvqLFIDCiYA1c5X6O9KFbUGFiYTkDJtibvW3tm3tSN2AlK92D1cXt30xYtcZ/7Sc/XhH/kpG+/KKkGW4RBxn/aTwBCTSH+Ho3JY50YzbK3Dbw52u2uUDK9KMVcpJYIX86+gj1vRs3R1Laa8BxxsS3em61s9r2+xv65tua/TXT7Bdr3eoOvabaW73qt0RxGNVzRUvvZPFZVvS3TyFpJT8aXdJZfy7qkui+cTvR9RJU05QKHohvStzNuMvTMQA+ZItAQ31siawlLdXgWXKtwDtVFIWPivBearovbgCmOcoXRyybhNj+4iH9BRRxQgVUlj7n6Tq6uG2doLvKzE4dKAAuEW0cmuEC798KEwchDjyTWW0rcNslDntG/5pus5tmc7XfNs2IyWLa/X9yyre2bLPN6eLNTdlJbPmd47kuJr5JzO47h4Aw3z0P9Az7t6VavXrklFs3lwD0HEvKPeM47XyNvj/MGc3mOiRzfSyNqTwLx4sbw4pQetUllbSE4NGYu8e6yEmfs30B2FkwGO1gST54rkyNX7KhhTCJIvMAlg1VNswNaDU54Tm15/KGrGdnO2djzH7Q7ds4OtGUul3DKH9pniOzXNb5tLv3nR+G2oWvFxB+D9CK4UVqSqx40i2b9LV+9xsxLB7B5TrGffa1X0fiMOVuuFtFIyfTHiCNAayOd1wZHG9kVjAQYk2jGPOXbXGTrNsk5BfJoJ7ck6rVezTj2PnXPNH4ls+b+VFx3FQYbxh0lkIcsiJ3hdtftCK90JTSvJ1R7K3UeWZq+1DMTbw9LMQ9+ePJ/8A+cMPbgCJQAA
    http_version: 
  recorded_at: Fri, 15 Jun 2018 10:42:23 GMT
- request:
    method: get
    uri: https://cdn.contentful.com/spaces/<CONTENTFUL_SPACE_ID>/environments/<CONTENTFUL_ENVIRONMENT>/entries?content_type=blogPost
    body:
      encoding: US-ASCII
      string: ''
    headers:
      X-Contentful-User-Agent:
      - sdk contentful.rb/2.8.0; integration contentful_model/1.0.0; platform ruby/2.5.0;
        os macOS/17;
      Authorization:
      - Bearer <CONTENTFUL_API_KEY>
      Content-Type:
      - application/vnd.contentful.delivery.v1+json
      Accept-Encoding:
      - gzip
      Connection:
      - close
      Host:
      - cdn.contentful.com
      User-Agent:
      - http.rb/2.2.2
  response:
    status:
      code: 200
      message: OK
    headers:
      Access-Control-Allow-Headers:
      - Accept,Accept-Language,Authorization,Cache-Control,Content-Length,Content-Range,Content-Type,DNT,Destination,Expires,If-Match,If-Modified-Since,If-None-Match,Keep-Alive,Last-Modified,Origin,Pragma,Range,User-Agent,X-Http-Method-Override,X-Mx-ReqToken,X-Requested-With,X-Contentful-Version,X-Contentful-Content-Type,X-Contentful-Organization,X-Contentful-Skip-Transformation,X-Contentful-User-Agent,X-Contentful-Enable-Alpha-Feature
      Access-Control-Allow-Methods:
      - GET,HEAD,OPTIONS
      Access-Control-Allow-Origin:
      - "*"
      Access-Control-Expose-Headers:
      - Etag
      Access-Control-Max-Age:
      - '86400'
      Cache-Control:
      - max-age=0
      Content-Encoding:
      - gzip
      Content-Type:
      - application/vnd.contentful.delivery.v1+json
      Contentful-Api:
      - cda_cached
      Etag:
      - W/"d0766acf44b02a4fb08fcb941f376031"
      Server:
      - Contentful
      X-Content-Type-Options:
      - nosniff
      X-Contentful-Request-Id:
      - 9b76ee016e38962002ad8070426429cf
      Content-Length:
      - '5167'
      Accept-Ranges:
      - bytes
      Date:
      - Fri, 15 Jun 2018 10:42:23 GMT
      Via:
      - 1.1 varnish
      Age:
      - '0'
      Connection:
      - close
      X-Served-By:
      - cache-lcy19226-LCY
      X-Cache:
      - MISS
      X-Cache-Hits:
      - '0'
      X-Timer:
      - S1529059343.093595,VS0,VE245
      Vary:
      - Accept-Encoding
    body:
      encoding: ASCII-8BIT
      string: !binary |-
        H4sIAAAAAAAAA+1d3XLbRpa+z1NgdeONVqRAiqIopWpTiqI4Glu2ZdmjsTNTqSbQJNsE0BAaEM1MpSrvsDe7d7naB8mj5En2O6cBEJAgiY7kWcuhS2WLIPrv9DlfHzS+r/3PLxxnzczN2p7zT/yKD+k8lvi0tp8kYr6Gaz9v0D2pTkWA6x2XP5qpivHJfghUqFL+zn5WqQypxh+4RlvvpWa4KRMLj9oq7rAXK52hC3yx6NRTFU3XqAOLP2sBrr3KO33KNV66Qfk0nh0z89+5o6l+N1c0rOLPz+XvPFD7Z82W6afv35xPxn/LXDecufuHp6+73vysUn/ZscMoTebVL7xEilT6+2SXta7bGbTcfqvTe9Vx9zqdvW23vdPbfVstkMX+hxWQ0YVKdBTKiNq43YZ2SKk06WUDLWvdw0qLt1owkRfKKB2RX1QM6+koRY/zCbu918v27aBSb+P8DwM9fqEx+Ft7HmhPBBwDMmo9/qYoULrH2kjJwF+EDLnMWqpSW2bkG/6hv6rza7LhRApfRWOqubildkeQLb5rqGGo/TmVtQ2YkfHLrvGY8g4+4Hjbevm0652bncfjw97s+embJ+eh587+eLy5iLfeXm9nb3un3XW7t8ebO3iF6Ozu7nW6bbdbL/Bw4q33Z4q3MwFA8fecF8AaKRMnFkkaycQ4I5046UQ6ZxOROmc6mRrnAMiTVNeHtXpUnslHiXSMlFOEqcM44IgsnehEpUoaJ9XODBU5M5VOnMw4OuIWPN3y5YUMdExg7IjIdwhmqQ49coSTiGgs6dc40SFAEddFjN+FN7GVAip9GdVWrjXb7lLIvixGXl6kGLjsstA7HA6So+zlm2l/pl7PB6fHJ8rVt2MlrVmLFW671dluQrQZz1ErtlPUKqaohSlqwYCtGaaoRZY1Le/KFBWw92oif/v1hyuzyfN8MFGBn8jo91/+xzin2lOYuAORyH/8+yRNY7O3uTmbzdoRJkW0dTJuZ9NN2P+d9NLNStvUHS+v6cvffp0I4ySSOhTMnTgbBspMpI/5hFsE3GwxkI2bfIbcb6azwHcCNZUfx4dEojPyOjjjWML7RQpTsyOaiUhyRyy8rP336O/Rq4kydiD4VzhDBZ/E7fK9B1eHg5pUxmUI2UlpO88jdmNqZirnTiCN0REiDW7taFxNqsGmItSEjlzAx9FGSnYwKoxhzFBwgCXSSJF4E2ekIloY0ZELoQIxDCSViHTqyEhn48meM5MOohsj1E4earUQorqHGXwA33qcdrTQBlAADsHjihPhYYkmB7QXPRGLoQpUOt9wQo1eLkym41gnaYbuz6k9qgjBziMvTeicYSYnyDzZGEM4ljMTfHvRPZNhYJUwx4BU5HiBRk2F30xUbLGEKjHwRvhUiyGGzMMoIxwTkruNMcMxY0iOc4xODEsb6B3dD49Glj6P6fdQArV8RqzzTHlTGJ3MgMycfANYhb5Sp4E7AhUwZE0kXMYXsQWuLKn13iJdoMaTlHpBUUOTEmACI3YoGAQBB9DU3HkKD3QY7U9EQCDo659Q/1VMbTkS44TrDJVPTpCDqkocPYsc1EJW0wG8QuduzXaxFZVg//sv/2U9jPqggDbwLUAOFa6ZswBtcnpEii/g1BjpAtV5JjLPg2uPsoA7RYvJTGEOVHShgwuME650YVcEG3h7ZIBO21lff5xHXzReX//t10jO2LRDmaJHpfcsDEiQt+EM585EBjxv6F9K/gbzzUTiL0IEkztORBhSMEW4HFh/hX2pxzZAGf1s2AXwBlUsW2QcL0uAj4Rkdup4PURNRozIGRLpZx51gGrjSKMJLMCQBzEHxMDJpI4RnmgXtWFMHgxu/adeLzABrSkAhslimdhnAa6nGqHUIvUOSDuTsDD+LSyRT21t/bUPVdTH3D0m8MfWeUaBMC/N+xXNRpdm49SCH01FEblkbBpjiEcBR45GCDqEA+JFAMioK9WZWETz4k5PhyGwwWP7GxT0ldhga8n3AugmMZKhdcERHkbhZxhziXQmC0MAMgVtZcyhZq+NNKEQ98abiEiZ0JAvAgQM7C6xVuoW/YsJSnm13HB8NVZ4MHd8YSZDDY+x7aVaB1OVGjbFFpuC0MJ6pYbDl4h7dciYL8I/thLBtaSkxnobAj935Xr+Qrcu1h2shvmiQ0MXvgaiYDWqwCc5nk4QWORHeFDGykpwioGL9yrMQrQSyZFKa064UfdAqnskQkC4NAUATQRFpxNl4RB1o0GGNwfQkQGtcsgKGcN8pHKEI/BqB0snRSfSsXx1Q2/yZzXzFdYVRjrKYRwyXTF06vuQkr8Sm9C4QbUScYj5pHEhsqYSsEcwCKS0K2U1o7QYD9yNY4n1iQMfjhQHiF2OxhKo2I/49oX7XxmeHRt65WOhs60GsV3ByLw2/0VNFc+/kBPlwWu54TwPbakIH+HaQADKXZsyhjFtcDjVtZIzonx1qo1xQmlzNQGCf8R2wgtwLtYrCxABgiBBmqB9GRQJh4U4u1JpXkGVp2Kkn+RMNKIic7ncJcotMC6ABBdG+kehxQ6NS7yAkalty2UWX1nS0NmYl/ZIjpEpUJNkTEO7BNQ7uBBwELCgUs7/b11zvir9ierBbEsgAtL/3KOs83MOSynQMEOkREaHsk1ZhwjgY+zovO1GSK0igdK82JNdWqMiF/QAcnhKGTWsaJQY1Ve9PMmjgR/xoKwb1xdTAFmsOVmj1qj7lAxzaOK3CCiQYtrg/b5MkcoBbZGzw1NsCUIU7CFZNLkhNzcYl9n05UhkQbo5Ukg0NwPxY74k/Mhf45M3/bEd+yOk6pi8TXgfsB1oHBDQEQJrR6B1wDEMlNSbw+NalA7xWCfbnqbHAVl9ELCm4MeTYgk0LcOPFS1a8K4+yeSNtOCUU5maVq/vuts7/V5v4KJ7BSRMdMCG4EjRtA9Gkwz3CrCeRJgqivfffl1f/y5RPtLJzsA5FvP19bbzCqbL72MwpfBEjozhLVJmJFHsQj4Sp0ALQC/cHX4JCMcw7fjxJORNkK7LlnyP9ilT3hwPgVHjoVBqDP8dhe9GXuD5Yz9WoQjH03ebF0rOzCaab0/SMPjSPj40PFjbLAnoU0mgdAQMVEBiShtHlEqR0ySMwUMRkONaB7WLDncZGWMg6ZGZB0NGoWcDX1F5zmE4EBiQywRwRiBDSRqt35RG0QqHovRgkDdDcSnm+ZMImtAz68Co0hqO0BwrF9I7BKRBZMGfkH/HCn5CnczBChNEOIykoimbpZAl8MX9vs4xHN1HoVSjCCMHZ/p2EIyLyH0wT7UZzp+qkPaZOM9RcmxFqoSxUrDxUGONcCCXoDHDr3Lb52k0rasyCU37s9sqPNh//11n661yw+z8QJ0dDKQrj/74VmFnO9+a73Xbg37/9q3Cmwo8nK3CP9XWfJ6gt+hVQAtxU30RcmknsLIvWNlM/dfuyZmXnReDV+OD7tl8cNg7F97+ybz7oVtyeOm0/cp19/in7bruf/BvTbt0N5qn2IU7JZx6hcXjswOUdzLz5yfDSM2zsfHO3SP5OBN3BZSt3b3udru71VsWUJoLrACl+pb3k3nXd6d97fqrh08BcPrTabyfnVx8f+7qfvbazcL909PeR0ScO9nv80ckOVM/hcedoN89Ozj3xmq+b8Z3RqRuZ6/XafcHSyNSc4EVIn2SiETbBA8lv+n5B2++nZr55Kx/1Nfd7LGYGuV9RLi53jifPZZ0DrJt0TnOLtTrvpLn52dH6uSoRlgqXiIfLsdk4selbndva9Du73aWzW6aC6ywZIUlRCK4jd132TUr/IXtLDg9HgXzjuqa508Gx6dyduSerbCEyRn3zIpMvjn+24todDI+nanDg+eZ97i/793Hg1K3ve0uQ4pk7KEHpasFVlDySULJnRL9T+9Baev8+4vO9nCnk+np4exIH3jd45Pzj4g2d7LfZ5/cRAO//z46eXbyXGrz+kgceYNu/86ANNhzd9qDwfayuc1WY4EVIK0AyWoKiGxZVVoUV5cWN9yQ/px9e/H0dEdPTHc+yPTRuHcwOJmu8GhZYuw9J0i957O3g5dvR8PnZ4/N+PQoFAdn3vldAanX5YRnsASN3b6bai6wAqRPEpBufPny6WVAvWHPBM9edHbU6wNX6+PX+93w+GPu3dxon88+w+kEx389Pr/Y3Q3NkwP5pvvk9OzJ/PEfRxQSxmxjH3hvq9Pu7iyT4nSogAthDPaOt+oFHg6ibP2ZhDG5IIYoKMxDrilOCrZmTnwrCJslS5ZI11VNhSU/Mdu39uq4JmojktKH6TOI5t8styF1ARhMlhplqbZMoiTGS84xJCpNVXdTIZguCIyW+O/JdrXb/9r3+PelrXF7TW/tc2tgmluY5tZimoktvJjmFphVrXyaWxWeZ0lwe2SqtVdEN5/ulDJHkxheIKqBLeZr4kDCKcDT8p1HuWEegQIXvcvA8Mrir50Xlr7OPFoF6pl4jzLE5GRankhaIKmBwJiB8Uw0eyK/guMt5kP5NXRFoSRmV+5zRWBZTplmiUhT/DANr2AqgyDMxE4KpK+dp1AZ4Mq/0UC+Ac0YzDPQVANIUirx94huKQtBHwJKmpWKzMDchXiGWeaTDBYomXNghhMPDeRWsNzJJAHIksykVaBv5Bx+JpEiqMD+A2OOtRok51ooUqAxII1IOaiWpXkyZQ3kTFIakHaAaHPE2CNpVBGbYPwRJXRGlETW86DyBSuQCrFaB0PJoMkCPxP3bDTxj0EApbmjCYNNmGpbZ92BDHiUwkZM9UtJLYRaU2GmOWmZ3IMoc5b2fzM8oZqKeKwKToUMZ0Et//2X/84Rlqi0LwrVIcbJtFoW+pDagjyNVB2g7JUyQctiJtsuIQ68BaoXXEg0EWeG+eEOGO8Qt5DQgCjpbBtw2EkcU8wGmIWQfIByTwIDpuzCgUnyUk43+S0D7lWa41BavqIvY4wBP8DpOQVEUZiNvw7dwQ/79BUNvyhTKjVzmzlP94lo2XH+kiG4SCp/f8zg9fWyH98RH5R0ADxWKwkgS13xiHrrxlOykAwWK+JVqvDml7alM7gZa92Itp8vuFh9SU0kkjngh1TxGu5QAYpSJcdRTw5OfNsNy/HWI7B0EeKgQLP4jcVo1G0oM4AW9CvEQzrOBTuwsSAcspcpvgF+zGamswWI9Q9lB+tW7fRbfmoFt2jOc6kjfUe8V7DrSdJCpOsNdmcWU1Q1ariENksGboFijIjU13KwBAJM/WctBkn8oDSSvtUPET2XLltqM7SCaAgQQY7Wdp6B2WrxigZMrWM4HFuAj6kkYjVzi/MUAa2G9GEEkh+kHZBsFjjCkJlLXCrTgK6yy+7bFeQY2MYliVFbiEs5ar/LJSfOM+FPVOi8FRMxU5BRKZhXJFCjkOoYQ5vjE+vC/pPJ21fczLKVmR4Nfjw6BblOhRT++y//m9OmURdkEKSIoBlhExG0QtcCeOdR86RVBY7V5YNFYdUFhGzOroZpJcliPhWCNW+KsHpRH3C97ewTkTpnYhPG0gwUYsyFqoX7ZO9c6ApwMYfhBgtwz6CHJhI68ZlZ7IDWEWag57N2TzgXwsuysO28FGg3Qb/he0Tzrt4I9GBueeHN98EuJ6ikDlmgqDK52SfwA5OQc5eyTdYJVcOiYa2qqNNJM0vlEU1GpmylZ2Ckk+ewngTCm0IRYrG2wE0GfMhFcBdlPSQOvQrQ6BxjslXX0bSwOqA0HXUbOo6afqeG0XY9Q95AUYCZoK6SS1t3QOZBazqu1TL0wiswOYRXmJcrPQOEVHtfV09BbUlSS0S1VRPXHkEoZaqpd0rZF2lOaVZYMckQYDXPrEsmF7zEVcVpGf+gJ8E1FXlB5svK6Td2j7U4umZxeE3j3m3jATaNd/Kb6ht2I/FtdVeqaT+ylOpfd5ANDgCpHm1SPQQlF/lf89qqdud1NBA033ykTfkyttPeGmxVX5agSPOhNjcWuX434XrLXnu0zQdZ/bD5eJub7Np8yA3Z6tpjbq4fxfL+cT0BtvSSVIrwWJIOsvoa4KaxcKhePfamPFeGfbjh6BtcjUTIBV9gNcKJPzWHMvmpNhC50XeL05by38pjdRZnATW8JnlooXbNM/+dQi0/nGaw19tudwaDZULt5iKrUGtgHMGdl3tB8P8bao8TOXbOFFTekIZeE3KQ6I5bWPKb7km0jfUXxbkCzrcKh51Al1YP33iCQyUunUJzHxC2b5D11JqqsLn6/nT3r2byxJ2pgTzwDsbi7PiodmrbTUA2VNThtWMRiTGlhMXAaP/jVYKHogQqfM5Vn9GBMA66Qvsr0Eg63/PBI4bOK6CdUYMHtvzYhUUtlP5R5nNp65Eu0T7r1US/+gxR32EoE5PFcD5TOGx+XXQnOFy85MQ7jO7OMnB4c5EVHD5cOFxlHuVJXs2s+nsINRKCuG1I2pcPteuKrEJtFWpXuVAPLcm/hnR+H6EGYQWOrOx/wKpG0oqmIqtQW4Xaww+1a6Sp9xBqpCPo4Xm6pmHCE84tW1dNRVahtgq1hx9qzVzi+4g0EOT77e3OByxqxKlvKrKKtFWkPfxIaz7g5R4iDWeYQ+O/s1s7xujmNe26IqtI+5NFGr+W4dejcBi7S/uZvg69Zpe5Mf6ublc3vw4tX7jgPxDo1s/YuC7+bi7yecTfHd4tlv+xxk1vPOiIyKsvKbKE/seatc1N5oeatpeOBL12MDgJPt2svkffbPaFzZ4/GIntncHWlt/3R1ud7cHusLfrut2djux0hrubbvtdPL70GmPNnn1Z/w9CKJzovYn6iTq6tTXoDqqOxl9yN68Mg7+aKT+d4Kueu325GL7Fecg4T9F+XeEAUMkqJ6D2KperJbs9y1/eNg6l/h7b9nDzXSzH14jLipe6FkXw989f/PzF/wGEH31pZWgAAA==
    http_version: 
  recorded_at: Fri, 15 Jun 2018 10:42:23 GMT
- request:
    method: delete
    uri: https://api.contentful.com/spaces/<CONTENTFUL_SPACE_ID>/environments/<CONTENTFUL_ENVIRONMENT>/entries/4b4slNP17iUC0ooMUA2mMc/published
    body:
      encoding: US-ASCII
      string: ''
    headers:
      X-Contentful-User-Agent:
      - sdk contentful-management.rb/2.2.0; integration contentful_model/1.0.0; platform
        ruby/2.5.0; os macOS/17;
      Authorization:
      - Bearer <CONTENTFUL_MANAGEMENT_API_KEY>
      Content-Type:
      - application/vnd.contentful.management.v1+json
      X-Contentful-Version:
      - '3'
      Version:
      - '3'
      Connection:
      - close
      Host:
      - api.contentful.com
      User-Agent:
      - http.rb/2.2.2
  response:
    status:
      code: 200
      message: OK
    headers:
      Access-Control-Allow-Headers:
      - Accept,Accept-Language,Authorization,Cache-Control,Content-Length,Content-Range,Content-Type,DNT,Destination,Expires,If-Match,If-Modified-Since,If-None-Match,Keep-Alive,Last-Modified,Origin,Pragma,Range,User-Agent,X-Http-Method-Override,X-Mx-ReqToken,X-Requested-With,X-Contentful-Version,X-Contentful-Content-Type,X-Contentful-Organization,X-Contentful-Skip-Transformation,X-Contentful-User-Agent,X-Contentful-Enable-Alpha-Feature
      Access-Control-Allow-Methods:
      - DELETE,GET,HEAD,POST,PUT,OPTIONS
      Access-Control-Allow-Origin:
      - "*"
      Access-Control-Expose-Headers:
      - Etag
      Access-Control-Max-Age:
      - '1728000'
      Cf-Space-Id:
      - "<CONTENTFUL_SPACE_ID>"
      Content-Type:
      - application/vnd.contentful.management.v1+json
      Contentful-Api:
      - cma
      Date:
      - Fri, 15 Jun 2018 10:42:23 GMT
      Etag:
      - '"f99e54d53ec6353dbd2f8d9a0cb4a2dc"'
      Server:
      - Contentful
      Strict-Transport-Security:
      - max-age=15768000
      X-Content-Type-Options:
      - nosniff
      X-Contentful-Ratelimit-Hour-Limit:
      - '36000'
      X-Contentful-Ratelimit-Hour-Remaining:
      - '35633'
      X-Contentful-Ratelimit-Reset:
      - '0'
      X-Contentful-Ratelimit-Second-Limit:
      - '10'
      X-Contentful-Ratelimit-Second-Remaining:
      - '9'
      X-Contentful-Request-Id:
      - '004619834b4c98b7845efe608f784a30'
      Content-Length:
      - '1045'
      Connection:
      - Close
      Set-Cookie:
      - incap_ses_801_673446=MaSnWT1R1CJRnRq0nrkdCw+YI1sAAAAAAEXRwVBY4XzTQL8QFAB08Q==;
        path=/; Domain=.contentful.com
      - nlbi_673446=hm/SdJIkkjbtV4M/6lKYhQAAAACoRKMbaP1YXM/mY33XeUaw; path=/; Domain=.contentful.com
      - visid_incap_673446=nNA04Q1PTpSK+UE4nIC4rA+YI1sAAAAAQUIPAAAAAAA8CwOGLEfMiwN1lc1hxATI;
        expires=Sat, 15 Jun 2019 07:58:04 GMT; path=/; Domain=.contentful.com
      X-Iinfo:
      - 4-10681028-10681031 NNNN CT(0 0 0) RT(1529059343047 28) q(0 0 0 -1) r(3 3)
        U5
      X-Cdn:
      - Incapsula
    body:
      encoding: ASCII-8BIT
      string: |
        {
          "sys": {
            "space": {
              "sys": {
                "type": "Link",
                "linkType": "Space",
                "id": "<CONTENTFUL_SPACE_ID>"
              }
            },
            "id": "4b4slNP17iUC0ooMUA2mMc",
            "type": "Entry",
            "createdAt": "2018-06-15T10:42:20.718Z",
            "updatedAt": "2018-06-15T10:42:23.769Z",
            "environment": {
              "sys": {
                "id": "<CONTENTFUL_ENVIRONMENT>",
                "type": "Link",
                "linkType": "Environment"
              }
            },
            "createdBy": {
              "sys": {
                "type": "Link",
                "linkType": "User",
                "id": "0YPGZGiUm0o1pdmXHCjf2S"
              }
            },
            "updatedBy": {
              "sys": {
                "type": "Link",
                "linkType": "User",
                "id": "0YPGZGiUm0o1pdmXHCjf2S"
              }
            },
            "publishedCounter": 1,
            "version": 4,
            "firstPublishedAt": "2018-06-15T10:42:21.227Z",
            "contentType": {
              "sys": {
                "type": "Link",
                "linkType": "ContentType",
                "id": "teamMember"
              }
            }
          },
          "fields": {
            "name": {
              "en-GB": "Person"
            },
            "slug": {
              "en-GB": "person"
            }
          }
        }
    http_version: 
  recorded_at: Fri, 15 Jun 2018 10:42:23 GMT
- request:
    method: delete
    uri: https://api.contentful.com/spaces/<CONTENTFUL_SPACE_ID>/environments/<CONTENTFUL_ENVIRONMENT>/entries/4OwZ8RZfbOWGsgSImaCWcq/published
    body:
      encoding: US-ASCII
      string: ''
    headers:
      X-Contentful-User-Agent:
      - sdk contentful-management.rb/2.2.0; integration contentful_model/1.0.0; platform
        ruby/2.5.0; os macOS/17;
      Authorization:
      - Bearer <CONTENTFUL_MANAGEMENT_API_KEY>
      Content-Type:
      - application/vnd.contentful.management.v1+json
      X-Contentful-Version:
      - '3'
      Version:
      - '3'
      Connection:
      - close
      Host:
      - api.contentful.com
      User-Agent:
      - http.rb/2.2.2
  response:
    status:
      code: 200
      message: OK
    headers:
      Access-Control-Allow-Headers:
      - Accept,Accept-Language,Authorization,Cache-Control,Content-Length,Content-Range,Content-Type,DNT,Destination,Expires,If-Match,If-Modified-Since,If-None-Match,Keep-Alive,Last-Modified,Origin,Pragma,Range,User-Agent,X-Http-Method-Override,X-Mx-ReqToken,X-Requested-With,X-Contentful-Version,X-Contentful-Content-Type,X-Contentful-Organization,X-Contentful-Skip-Transformation,X-Contentful-User-Agent,X-Contentful-Enable-Alpha-Feature
      Access-Control-Allow-Methods:
      - DELETE,GET,HEAD,POST,PUT,OPTIONS
      Access-Control-Allow-Origin:
      - "*"
      Access-Control-Expose-Headers:
      - Etag
      Access-Control-Max-Age:
      - '1728000'
      Cf-Space-Id:
      - "<CONTENTFUL_SPACE_ID>"
      Content-Type:
      - application/vnd.contentful.management.v1+json
      Contentful-Api:
      - cma
      Date:
      - Fri, 15 Jun 2018 10:42:24 GMT
      Etag:
      - '"85d4b0c12774f0d3567bbec895b2f457"'
      Server:
      - Contentful
      Strict-Transport-Security:
      - max-age=15768000
      X-Content-Type-Options:
      - nosniff
      X-Contentful-Ratelimit-Hour-Limit:
      - '36000'
      X-Contentful-Ratelimit-Hour-Remaining:
      - '35632'
      X-Contentful-Ratelimit-Reset:
      - '0'
      X-Contentful-Ratelimit-Second-Limit:
      - '10'
      X-Contentful-Ratelimit-Second-Remaining:
      - '9'
      X-Contentful-Request-Id:
      - e53bf3f8a7f4e81cbe0ae55b608bb165
      Content-Length:
      - '1410'
      Connection:
      - Close
      Set-Cookie:
      - incap_ses_801_673446=30LXdX5TmTGPnRq0nrkdCw+YI1sAAAAAumxpxSO5m9Vx9HyZIKtsPQ==;
        path=/; Domain=.contentful.com
      - nlbi_673446=B2uFZXUe21XmfwH+6lKYhQAAAACrPn8g0YdVhTTHyvCM+RUh; path=/; Domain=.contentful.com
      - visid_incap_673446=McnUkOgoQNCvO3kIjrGCcg+YI1sAAAAAQUIPAAAAAACmoITSmT5FudiYtXZCYPqa;
        expires=Sat, 15 Jun 2019 07:58:04 GMT; path=/; Domain=.contentful.com
      X-Iinfo:
      - 10-8868793-8868799 NNNN CT(0 0 0) RT(1529059343395 24) q(0 0 0 -1) r(2 2)
        U5
      X-Cdn:
      - Incapsula
    body:
      encoding: ASCII-8BIT
      string: |
        {
          "sys": {
            "space": {
              "sys": {
                "type": "Link",
                "linkType": "Space",
                "id": "<CONTENTFUL_SPACE_ID>"
              }
            },
            "id": "4OwZ8RZfbOWGsgSImaCWcq",
            "type": "Entry",
            "createdAt": "2018-06-15T10:42:21.934Z",
            "updatedAt": "2018-06-15T10:42:24.094Z",
            "environment": {
              "sys": {
                "id": "<CONTENTFUL_ENVIRONMENT>",
                "type": "Link",
                "linkType": "Environment"
              }
            },
            "createdBy": {
              "sys": {
                "type": "Link",
                "linkType": "User",
                "id": "0YPGZGiUm0o1pdmXHCjf2S"
              }
            },
            "updatedBy": {
              "sys": {
                "type": "Link",
                "linkType": "User",
                "id": "0YPGZGiUm0o1pdmXHCjf2S"
              }
            },
            "publishedCounter": 1,
            "version": 4,
            "firstPublishedAt": "2018-06-15T10:42:22.582Z",
            "contentType": {
              "sys": {
                "type": "Link",
                "linkType": "ContentType",
                "id": "blogPost"
              }
            }
          },
          "fields": {
            "title": {
              "en-GB": "example-blog-post"
            },
            "subheading": {
              "en-GB": "subheading"
            },
            "author": {
              "en-GB": {
                "sys": {
                  "type": "Link",
                  "linkType": "Entry",
                  "id": "4b4slNP17iUC0ooMUA2mMc"
                }
              }
            },
            "date": {
              "en-GB": "2018-06-15T00:00:00.000+00:00"
            },
            "slug": {
              "en-GB": "example-blog-post"
            },
            "body": {
              "en-GB": "Some Text"
            }
          }
        }
    http_version: 
  recorded_at: Fri, 15 Jun 2018 10:42:24 GMT
recorded_with: VCR 4.0.0
